2023-02-14 02:28:56,226 - root - INFO - Main - acquire a child logger and then log messages in the child
2023-02-14 02:28:56,252 - DiscoveryAppln - DEBUG - Main: parse command line arguments
2023-02-14 02:28:56,253 - DiscoveryAppln - DEBUG - Main: resetting log level to 10
2023-02-14 02:28:56,253 - DiscoveryAppln - DEBUG - Main: effective log level is 10
2023-02-14 02:28:56,253 - DiscoveryAppln - DEBUG - Main: obtain the publisher appln object
2023-02-14 02:28:56,253 - DiscoveryAppln - DEBUG - Main: configure the publisher appln object
2023-02-14 02:28:56,253 - DiscoveryAppln - INFO - DiscoveryAppln::configure
2023-02-14 02:28:56,253 - DiscoveryAppln - DEBUG - DiscoveryAppln::configure - parsing config.ini
2023-02-14 02:28:56,254 - DiscoveryAppln - DEBUG - DiscoveryAppln::configure - selecting our topic list
2023-02-14 02:28:56,254 - DiscoveryAppln - DEBUG - DiscoveryAppln::configure - initialize the middleware object
2023-02-14 02:28:56,254 - DiscoveryAppln - INFO - DiscoveryMW::configure
2023-02-14 02:28:56,254 - DiscoveryAppln - DEBUG - DiscoveryMW::configure - obtain ZMQ context
2023-02-14 02:28:56,254 - DiscoveryAppln - DEBUG - DiscoveryMW::configure - obtain the poller
2023-02-14 02:28:56,254 - DiscoveryAppln - DEBUG - DiscoveryMW::configure - obtain REP sockets
2023-02-14 02:28:56,254 - DiscoveryAppln - DEBUG - DiscoveryMW::configure - register the REP socket for incoming replies
2023-02-14 02:28:56,255 - DiscoveryAppln - INFO - DiscoveryMW::configure completed
2023-02-14 02:28:56,256 - DiscoveryAppln - INFO - DiscoveryAppln::configure - configuration complete
2023-02-14 02:28:56,256 - DiscoveryAppln - DEBUG - Main: invoke the publisher appln driver
2023-02-14 02:28:56,256 - DiscoveryAppln - INFO - DiscoveryAppln::driver
2023-02-14 02:28:56,257 - DiscoveryAppln - INFO - **********************************
2023-02-14 02:28:56,257 - DiscoveryAppln - INFO - DiscoveryAppln::dump
2023-02-14 02:28:56,258 - DiscoveryAppln - INFO - ------------------------------
2023-02-14 02:28:56,258 - DiscoveryAppln - INFO -      Name: disc
2023-02-14 02:28:56,258 - DiscoveryAppln - INFO -      Lookup: Centralized
2023-02-14 02:28:56,258 - DiscoveryAppln - INFO -      Num Topics: 1
2023-02-14 02:28:56,258 - DiscoveryAppln - INFO -      Iterations: 1000
2023-02-14 02:28:56,258 - DiscoveryAppln - INFO -      Frequency: 1
2023-02-14 02:28:56,258 - DiscoveryAppln - INFO - **********************************
2023-02-14 02:28:56,258 - DiscoveryAppln - DEBUG - DiscoveryAppln::driver - upcall handle
2023-02-14 02:28:56,258 - DiscoveryAppln - INFO - DiscoveryMW::event_loop - run the event loop
2023-02-14 02:28:56,296 - DiscoveryAppln - INFO - DiscoveryMW::handle_reply
2023-02-14 02:28:56,300 - DiscoveryAppln - INFO - DiscoveryAppln::register_request
2023-02-14 02:28:56,300 - DiscoveryAppln - INFO - DiscoveryMW::send_register_status
2023-02-14 02:28:56,300 - DiscoveryAppln - DEBUG - DiscoveryMW::send_register_status - populate the nested Register Response msg
2023-02-14 02:28:56,300 - DiscoveryAppln - DEBUG - DiscoveryMW::send_register_status - done populating nested Register Response msg
2023-02-14 02:28:56,300 - DiscoveryAppln - DEBUG - DiscoveryMW::send_register_status - build the outer Register Response message
2023-02-14 02:28:56,300 - DiscoveryAppln - DEBUG - DiscoveryMW::send_register_status - done building the outer message
2023-02-14 02:28:56,300 - DiscoveryAppln - INFO - DiscoveryMW::handle_reply
2023-02-14 02:28:56,300 - DiscoveryAppln - INFO - DiscoveryAppln::register_request
2023-02-14 02:28:56,300 - DiscoveryAppln - INFO - DiscoveryMW::send_register_status
2023-02-14 02:28:56,300 - DiscoveryAppln - DEBUG - DiscoveryMW::send_register_status - populate the nested Register Response msg
2023-02-14 02:28:56,300 - DiscoveryAppln - DEBUG - DiscoveryMW::send_register_status - done populating nested Register Response msg
2023-02-14 02:28:56,300 - DiscoveryAppln - DEBUG - DiscoveryMW::send_register_status - build the outer Register Response message
2023-02-14 02:28:56,300 - DiscoveryAppln - DEBUG - DiscoveryMW::send_register_status - done building the outer message
2023-02-14 02:28:56,301 - DiscoveryAppln - INFO - DiscoveryMW::handle_reply
2023-02-14 02:28:56,301 - DiscoveryAppln - INFO - DiscoveryAppln::isready_request
2023-02-14 02:28:56,302 - DiscoveryAppln - INFO - DiscoveryMW::send_is_ready
2023-02-14 02:28:56,302 - DiscoveryAppln - DEBUG - DiscoveryMW::send_is_ready - populate the nested IsReady msg
2023-02-14 02:28:56,302 - DiscoveryAppln - DEBUG - DiscoveryMW::send_is_ready - done populating nested IsReady msg
2023-02-14 02:28:56,302 - DiscoveryAppln - DEBUG - DiscoveryMW::send_is_ready - build the outer DiscoveryResp message
2023-02-14 02:28:56,302 - DiscoveryAppln - DEBUG - DiscoveryMW::send_is_ready - done building the outer message
2023-02-14 02:28:56,302 - DiscoveryAppln - INFO - DiscoveryMW::send_is_ready - request sent and now wait for reply
2023-02-14 02:28:56,303 - DiscoveryAppln - INFO - DiscoveryMW::handle_reply
2023-02-14 02:28:56,304 - DiscoveryAppln - INFO - DiscoveryAppln::isready_request
2023-02-14 02:28:56,304 - DiscoveryAppln - INFO - DiscoveryMW::send_is_ready
2023-02-14 02:28:56,304 - DiscoveryAppln - DEBUG - DiscoveryMW::send_is_ready - populate the nested IsReady msg
2023-02-14 02:28:56,304 - DiscoveryAppln - DEBUG - DiscoveryMW::send_is_ready - done populating nested IsReady msg
2023-02-14 02:28:56,304 - DiscoveryAppln - DEBUG - DiscoveryMW::send_is_ready - build the outer DiscoveryResp message
2023-02-14 02:28:56,304 - DiscoveryAppln - DEBUG - DiscoveryMW::send_is_ready - done building the outer message
2023-02-14 02:28:56,307 - DiscoveryAppln - INFO - DiscoveryMW::send_is_ready - request sent and now wait for reply
2023-02-14 02:28:56,357 - DiscoveryAppln - INFO - DiscoveryMW::handle_reply
2023-02-14 02:28:56,357 - DiscoveryAppln - INFO - DiscoveryAppln::register_request
2023-02-14 02:28:56,357 - DiscoveryAppln - INFO - DiscoveryMW::send_register_status
2023-02-14 02:28:56,357 - DiscoveryAppln - DEBUG - DiscoveryMW::send_register_status - populate the nested Register Response msg
2023-02-14 02:28:56,357 - DiscoveryAppln - DEBUG - DiscoveryMW::send_register_status - done populating nested Register Response msg
2023-02-14 02:28:56,357 - DiscoveryAppln - DEBUG - DiscoveryMW::send_register_status - build the outer Register Response message
2023-02-14 02:28:56,357 - DiscoveryAppln - DEBUG - DiscoveryMW::send_register_status - done building the outer message
2023-02-14 02:28:56,358 - DiscoveryAppln - INFO - DiscoveryMW::handle_reply
2023-02-14 02:28:56,358 - DiscoveryAppln - INFO - DiscoveryAppln::isready_request
2023-02-14 02:28:56,358 - DiscoveryAppln - INFO - DiscoveryMW::send_is_ready
2023-02-14 02:28:56,358 - DiscoveryAppln - DEBUG - DiscoveryMW::send_is_ready - populate the nested IsReady msg
2023-02-14 02:28:56,358 - DiscoveryAppln - DEBUG - DiscoveryMW::send_is_ready - done populating nested IsReady msg
2023-02-14 02:28:56,358 - DiscoveryAppln - DEBUG - DiscoveryMW::send_is_ready - build the outer DiscoveryResp message
2023-02-14 02:28:56,358 - DiscoveryAppln - DEBUG - DiscoveryMW::send_is_ready - done building the outer message
2023-02-14 02:28:56,358 - DiscoveryAppln - INFO - DiscoveryMW::send_is_ready - request sent and now wait for reply
2023-02-14 02:28:56,391 - DiscoveryAppln - INFO - DiscoveryMW::handle_reply
2023-02-14 02:28:56,396 - DiscoveryAppln - INFO - DiscoveryAppln::register_request
2023-02-14 02:28:56,396 - DiscoveryAppln - INFO - DiscoveryMW::send_register_status
2023-02-14 02:28:56,396 - DiscoveryAppln - DEBUG - DiscoveryMW::send_register_status - populate the nested Register Response msg
2023-02-14 02:28:56,396 - DiscoveryAppln - DEBUG - DiscoveryMW::send_register_status - done populating nested Register Response msg
2023-02-14 02:28:56,396 - DiscoveryAppln - DEBUG - DiscoveryMW::send_register_status - build the outer Register Response message
2023-02-14 02:28:56,396 - DiscoveryAppln - DEBUG - DiscoveryMW::send_register_status - done building the outer message
2023-02-14 02:28:56,397 - DiscoveryAppln - INFO - DiscoveryMW::handle_reply
2023-02-14 02:28:56,397 - DiscoveryAppln - INFO - DiscoveryAppln::isready_request
2023-02-14 02:28:56,398 - DiscoveryAppln - INFO - DiscoveryMW::send_is_ready
2023-02-14 02:28:56,398 - DiscoveryAppln - DEBUG - DiscoveryMW::send_is_ready - populate the nested IsReady msg
2023-02-14 02:28:56,398 - DiscoveryAppln - DEBUG - DiscoveryMW::send_is_ready - done populating nested IsReady msg
2023-02-14 02:28:56,398 - DiscoveryAppln - DEBUG - DiscoveryMW::send_is_ready - build the outer DiscoveryResp message
2023-02-14 02:28:56,398 - DiscoveryAppln - DEBUG - DiscoveryMW::send_is_ready - done building the outer message
2023-02-14 02:28:56,398 - DiscoveryAppln - INFO - DiscoveryMW::send_is_ready - request sent and now wait for reply
2023-02-14 02:28:56,398 - DiscoveryAppln - INFO - DiscoveryMW::handle_reply
2023-02-14 02:28:56,398 - DiscoveryAppln - INFO - DiscoveryAppln::register_request
2023-02-14 02:28:56,398 - DiscoveryAppln - INFO - DiscoveryMW::send_register_status
2023-02-14 02:28:56,398 - DiscoveryAppln - DEBUG - DiscoveryMW::send_register_status - populate the nested Register Response msg
2023-02-14 02:28:56,398 - DiscoveryAppln - DEBUG - DiscoveryMW::send_register_status - done populating nested Register Response msg
2023-02-14 02:28:56,398 - DiscoveryAppln - DEBUG - DiscoveryMW::send_register_status - build the outer Register Response message
2023-02-14 02:28:56,399 - DiscoveryAppln - DEBUG - DiscoveryMW::send_register_status - done building the outer message
2023-02-14 02:28:56,399 - DiscoveryAppln - INFO - DiscoveryMW::handle_reply
2023-02-14 02:28:56,399 - DiscoveryAppln - INFO - DiscoveryAppln::isready_request
2023-02-14 02:28:56,400 - DiscoveryAppln - INFO - DiscoveryMW::send_is_ready
2023-02-14 02:28:56,400 - DiscoveryAppln - DEBUG - DiscoveryMW::send_is_ready - populate the nested IsReady msg
2023-02-14 02:28:56,400 - DiscoveryAppln - DEBUG - DiscoveryMW::send_is_ready - done populating nested IsReady msg
2023-02-14 02:28:56,400 - DiscoveryAppln - DEBUG - DiscoveryMW::send_is_ready - build the outer DiscoveryResp message
2023-02-14 02:28:56,400 - DiscoveryAppln - DEBUG - DiscoveryMW::send_is_ready - done building the outer message
2023-02-14 02:28:56,400 - DiscoveryAppln - INFO - DiscoveryMW::send_is_ready - request sent and now wait for reply
2023-02-14 02:28:56,435 - DiscoveryAppln - INFO - DiscoveryMW::handle_reply
2023-02-14 02:28:56,435 - DiscoveryAppln - INFO - DiscoveryAppln::register_request
2023-02-14 02:28:56,435 - DiscoveryAppln - INFO - DiscoveryMW::send_register_status
2023-02-14 02:28:56,435 - DiscoveryAppln - DEBUG - DiscoveryMW::send_register_status - populate the nested Register Response msg
2023-02-14 02:28:56,435 - DiscoveryAppln - DEBUG - DiscoveryMW::send_register_status - done populating nested Register Response msg
2023-02-14 02:28:56,435 - DiscoveryAppln - DEBUG - DiscoveryMW::send_register_status - build the outer Register Response message
2023-02-14 02:28:56,435 - DiscoveryAppln - DEBUG - DiscoveryMW::send_register_status - done building the outer message
2023-02-14 02:28:56,436 - DiscoveryAppln - INFO - DiscoveryMW::handle_reply
2023-02-14 02:28:56,436 - DiscoveryAppln - INFO - DiscoveryAppln::isready_request
2023-02-14 02:28:56,436 - DiscoveryAppln - INFO - DiscoveryMW::send_is_ready
2023-02-14 02:28:56,436 - DiscoveryAppln - DEBUG - DiscoveryMW::send_is_ready - populate the nested IsReady msg
2023-02-14 02:28:56,436 - DiscoveryAppln - DEBUG - DiscoveryMW::send_is_ready - done populating nested IsReady msg
2023-02-14 02:28:56,436 - DiscoveryAppln - DEBUG - DiscoveryMW::send_is_ready - build the outer DiscoveryResp message
2023-02-14 02:28:56,436 - DiscoveryAppln - DEBUG - DiscoveryMW::send_is_ready - done building the outer message
2023-02-14 02:28:56,436 - DiscoveryAppln - INFO - DiscoveryMW::send_is_ready - request sent and now wait for reply
2023-02-14 02:28:56,480 - DiscoveryAppln - INFO - DiscoveryMW::handle_reply
2023-02-14 02:28:56,480 - DiscoveryAppln - INFO - DiscoveryAppln::register_request
2023-02-14 02:28:56,480 - DiscoveryAppln - INFO - DiscoveryMW::send_register_status
2023-02-14 02:28:56,480 - DiscoveryAppln - DEBUG - DiscoveryMW::send_register_status - populate the nested Register Response msg
2023-02-14 02:28:56,480 - DiscoveryAppln - DEBUG - DiscoveryMW::send_register_status - done populating nested Register Response msg
2023-02-14 02:28:56,480 - DiscoveryAppln - DEBUG - DiscoveryMW::send_register_status - build the outer Register Response message
2023-02-14 02:28:56,481 - DiscoveryAppln - DEBUG - DiscoveryMW::send_register_status - done building the outer message
2023-02-14 02:28:56,486 - DiscoveryAppln - INFO - DiscoveryMW::handle_reply
2023-02-14 02:28:56,486 - DiscoveryAppln - INFO - DiscoveryAppln::register_request
2023-02-14 02:28:56,486 - DiscoveryAppln - INFO - DiscoveryMW::send_register_status
2023-02-14 02:28:56,486 - DiscoveryAppln - DEBUG - DiscoveryMW::send_register_status - populate the nested Register Response msg
2023-02-14 02:28:56,486 - DiscoveryAppln - DEBUG - DiscoveryMW::send_register_status - done populating nested Register Response msg
2023-02-14 02:28:56,486 - DiscoveryAppln - DEBUG - DiscoveryMW::send_register_status - build the outer Register Response message
2023-02-14 02:28:56,486 - DiscoveryAppln - DEBUG - DiscoveryMW::send_register_status - done building the outer message
2023-02-14 02:28:56,487 - DiscoveryAppln - INFO - DiscoveryMW::handle_reply
2023-02-14 02:28:56,488 - DiscoveryAppln - INFO - DiscoveryAppln::isready_request
2023-02-14 02:28:56,488 - DiscoveryAppln - INFO - DiscoveryMW::send_is_ready
2023-02-14 02:28:56,488 - DiscoveryAppln - DEBUG - DiscoveryMW::send_is_ready - populate the nested IsReady msg
2023-02-14 02:28:56,488 - DiscoveryAppln - DEBUG - DiscoveryMW::send_is_ready - done populating nested IsReady msg
2023-02-14 02:28:56,488 - DiscoveryAppln - DEBUG - DiscoveryMW::send_is_ready - build the outer DiscoveryResp message
2023-02-14 02:28:56,488 - DiscoveryAppln - DEBUG - DiscoveryMW::send_is_ready - done building the outer message
2023-02-14 02:28:56,490 - DiscoveryAppln - INFO - DiscoveryMW::send_is_ready - request sent and now wait for reply
2023-02-14 02:28:56,490 - DiscoveryAppln - INFO - DiscoveryMW::handle_reply
2023-02-14 02:28:56,490 - DiscoveryAppln - INFO - DiscoveryAppln::isready_request
2023-02-14 02:28:56,490 - DiscoveryAppln - INFO - DiscoveryMW::send_is_ready
2023-02-14 02:28:56,490 - DiscoveryAppln - DEBUG - DiscoveryMW::send_is_ready - populate the nested IsReady msg
2023-02-14 02:28:56,490 - DiscoveryAppln - DEBUG - DiscoveryMW::send_is_ready - done populating nested IsReady msg
2023-02-14 02:28:56,490 - DiscoveryAppln - DEBUG - DiscoveryMW::send_is_ready - build the outer DiscoveryResp message
2023-02-14 02:28:56,490 - DiscoveryAppln - DEBUG - DiscoveryMW::send_is_ready - done building the outer message
2023-02-14 02:28:56,490 - DiscoveryAppln - INFO - DiscoveryMW::send_is_ready - request sent and now wait for reply
2023-02-14 02:28:56,490 - DiscoveryAppln - INFO - DiscoveryMW::handle_reply
2023-02-14 02:28:56,490 - DiscoveryAppln - INFO - DiscoveryAppln::register_request
2023-02-14 02:28:56,490 - DiscoveryAppln - INFO - DiscoveryMW::send_register_status
2023-02-14 02:28:56,490 - DiscoveryAppln - DEBUG - DiscoveryMW::send_register_status - populate the nested Register Response msg
2023-02-14 02:28:56,491 - DiscoveryAppln - DEBUG - DiscoveryMW::send_register_status - done populating nested Register Response msg
2023-02-14 02:28:56,491 - DiscoveryAppln - DEBUG - DiscoveryMW::send_register_status - build the outer Register Response message
2023-02-14 02:28:56,491 - DiscoveryAppln - DEBUG - DiscoveryMW::send_register_status - done building the outer message
2023-02-14 02:28:56,492 - DiscoveryAppln - INFO - DiscoveryMW::handle_reply
2023-02-14 02:28:56,492 - DiscoveryAppln - INFO - DiscoveryAppln::isready_request
2023-02-14 02:28:56,492 - DiscoveryAppln - INFO - DiscoveryMW::send_is_ready
2023-02-14 02:28:56,493 - DiscoveryAppln - DEBUG - DiscoveryMW::send_is_ready - populate the nested IsReady msg
2023-02-14 02:28:56,493 - DiscoveryAppln - DEBUG - DiscoveryMW::send_is_ready - done populating nested IsReady msg
2023-02-14 02:28:56,493 - DiscoveryAppln - DEBUG - DiscoveryMW::send_is_ready - build the outer DiscoveryResp message
2023-02-14 02:28:56,494 - DiscoveryAppln - DEBUG - DiscoveryMW::send_is_ready - done building the outer message
2023-02-14 02:28:56,494 - DiscoveryAppln - INFO - DiscoveryMW::send_is_ready - request sent and now wait for reply
2023-02-14 02:28:56,495 - DiscoveryAppln - INFO - DiscoveryMW::handle_reply
2023-02-14 02:28:56,495 - DiscoveryAppln - INFO - DiscoveryAppln::lookup_by_topic_request
2023-02-14 02:28:56,495 - DiscoveryAppln - INFO - DiscoveryMW::send_topic_publishers
2023-02-14 02:28:56,495 - DiscoveryAppln - DEBUG - DiscoveryMW::send_topic_publishers - populate the nested LookupPubByTopicResp msg
2023-02-14 02:28:56,495 - DiscoveryAppln - DEBUG - tcp://10.0.0.6:5579
2023-02-14 02:28:56,495 - DiscoveryAppln - DEBUG - DiscoveryMW::send_topic_publishers - done prepping message publishers
2023-02-14 02:28:56,495 - DiscoveryAppln - DEBUG - DiscoveryMW::send_topic_publishers - done populating nested LookupPubByTopicResp msg
2023-02-14 02:28:56,495 - DiscoveryAppln - DEBUG - DiscoveryMW::send_topic_publishers - build the outer DiscoveryResp message
2023-02-14 02:28:56,495 - DiscoveryAppln - DEBUG - DiscoveryMW::send_topic_publishers - done building the outer message
2023-02-14 02:29:06,314 - DiscoveryAppln - INFO - DiscoveryMW::handle_reply
2023-02-14 02:29:06,315 - DiscoveryAppln - INFO - DiscoveryAppln::isready_request
2023-02-14 02:29:06,315 - DiscoveryAppln - INFO - DiscoveryMW::send_is_ready
2023-02-14 02:29:06,315 - DiscoveryAppln - DEBUG - DiscoveryMW::send_is_ready - populate the nested IsReady msg
2023-02-14 02:29:06,315 - DiscoveryAppln - DEBUG - DiscoveryMW::send_is_ready - done populating nested IsReady msg
2023-02-14 02:29:06,315 - DiscoveryAppln - DEBUG - DiscoveryMW::send_is_ready - build the outer DiscoveryResp message
2023-02-14 02:29:06,315 - DiscoveryAppln - DEBUG - DiscoveryMW::send_is_ready - done building the outer message
2023-02-14 02:29:06,315 - DiscoveryAppln - INFO - DiscoveryMW::send_is_ready - request sent and now wait for reply
2023-02-14 02:29:06,331 - DiscoveryAppln - INFO - DiscoveryMW::handle_reply
2023-02-14 02:29:06,331 - DiscoveryAppln - INFO - DiscoveryAppln::isready_request
2023-02-14 02:29:06,331 - DiscoveryAppln - INFO - DiscoveryMW::send_is_ready
2023-02-14 02:29:06,331 - DiscoveryAppln - DEBUG - DiscoveryMW::send_is_ready - populate the nested IsReady msg
2023-02-14 02:29:06,332 - DiscoveryAppln - DEBUG - DiscoveryMW::send_is_ready - done populating nested IsReady msg
2023-02-14 02:29:06,332 - DiscoveryAppln - DEBUG - DiscoveryMW::send_is_ready - build the outer DiscoveryResp message
2023-02-14 02:29:06,332 - DiscoveryAppln - DEBUG - DiscoveryMW::send_is_ready - done building the outer message
2023-02-14 02:29:06,332 - DiscoveryAppln - INFO - DiscoveryMW::send_is_ready - request sent and now wait for reply
2023-02-14 02:29:06,372 - DiscoveryAppln - INFO - DiscoveryMW::handle_reply
2023-02-14 02:29:06,373 - DiscoveryAppln - INFO - DiscoveryAppln::isready_request
2023-02-14 02:29:06,374 - DiscoveryAppln - INFO - DiscoveryMW::send_is_ready
2023-02-14 02:29:06,374 - DiscoveryAppln - DEBUG - DiscoveryMW::send_is_ready - populate the nested IsReady msg
2023-02-14 02:29:06,374 - DiscoveryAppln - DEBUG - DiscoveryMW::send_is_ready - done populating nested IsReady msg
2023-02-14 02:29:06,374 - DiscoveryAppln - DEBUG - DiscoveryMW::send_is_ready - build the outer DiscoveryResp message
2023-02-14 02:29:06,374 - DiscoveryAppln - DEBUG - DiscoveryMW::send_is_ready - done building the outer message
2023-02-14 02:29:06,374 - DiscoveryAppln - INFO - DiscoveryMW::send_is_ready - request sent and now wait for reply
2023-02-14 02:29:06,408 - DiscoveryAppln - INFO - DiscoveryMW::handle_reply
2023-02-14 02:29:06,410 - DiscoveryAppln - INFO - DiscoveryAppln::isready_request
2023-02-14 02:29:06,410 - DiscoveryAppln - INFO - DiscoveryMW::send_is_ready
2023-02-14 02:29:06,410 - DiscoveryAppln - DEBUG - DiscoveryMW::send_is_ready - populate the nested IsReady msg
2023-02-14 02:29:06,410 - DiscoveryAppln - DEBUG - DiscoveryMW::send_is_ready - done populating nested IsReady msg
2023-02-14 02:29:06,410 - DiscoveryAppln - DEBUG - DiscoveryMW::send_is_ready - build the outer DiscoveryResp message
2023-02-14 02:29:06,410 - DiscoveryAppln - DEBUG - DiscoveryMW::send_is_ready - done building the outer message
2023-02-14 02:29:06,410 - DiscoveryAppln - INFO - DiscoveryMW::send_is_ready - request sent and now wait for reply
2023-02-14 02:29:06,411 - DiscoveryAppln - INFO - DiscoveryMW::handle_reply
2023-02-14 02:29:06,411 - DiscoveryAppln - INFO - DiscoveryAppln::isready_request
2023-02-14 02:29:06,411 - DiscoveryAppln - INFO - DiscoveryMW::send_is_ready
2023-02-14 02:29:06,411 - DiscoveryAppln - DEBUG - DiscoveryMW::send_is_ready - populate the nested IsReady msg
2023-02-14 02:29:06,411 - DiscoveryAppln - DEBUG - DiscoveryMW::send_is_ready - done populating nested IsReady msg
2023-02-14 02:29:06,411 - DiscoveryAppln - DEBUG - DiscoveryMW::send_is_ready - build the outer DiscoveryResp message
2023-02-14 02:29:06,411 - DiscoveryAppln - DEBUG - DiscoveryMW::send_is_ready - done building the outer message
2023-02-14 02:29:06,411 - DiscoveryAppln - INFO - DiscoveryMW::send_is_ready - request sent and now wait for reply
2023-02-14 02:29:06,413 - DiscoveryAppln - INFO - DiscoveryMW::handle_reply
2023-02-14 02:29:06,413 - DiscoveryAppln - INFO - DiscoveryAppln::lookup_by_topic_request
2023-02-14 02:29:06,413 - DiscoveryAppln - INFO - DiscoveryMW::send_topic_publishers
2023-02-14 02:29:06,413 - DiscoveryAppln - DEBUG - DiscoveryMW::send_topic_publishers - populate the nested LookupPubByTopicResp msg
2023-02-14 02:29:06,413 - DiscoveryAppln - DEBUG - tcp://10.0.0.6:5579
2023-02-14 02:29:06,413 - DiscoveryAppln - DEBUG - DiscoveryMW::send_topic_publishers - done prepping message publishers
2023-02-14 02:29:06,413 - DiscoveryAppln - DEBUG - DiscoveryMW::send_topic_publishers - done populating nested LookupPubByTopicResp msg
2023-02-14 02:29:06,413 - DiscoveryAppln - DEBUG - DiscoveryMW::send_topic_publishers - build the outer DiscoveryResp message
2023-02-14 02:29:06,413 - DiscoveryAppln - DEBUG - DiscoveryMW::send_topic_publishers - done building the outer message
2023-02-14 02:29:06,448 - DiscoveryAppln - INFO - DiscoveryMW::handle_reply
2023-02-14 02:29:06,448 - DiscoveryAppln - INFO - DiscoveryAppln::isready_request
2023-02-14 02:29:06,449 - DiscoveryAppln - INFO - DiscoveryMW::send_is_ready
2023-02-14 02:29:06,449 - DiscoveryAppln - DEBUG - DiscoveryMW::send_is_ready - populate the nested IsReady msg
2023-02-14 02:29:06,449 - DiscoveryAppln - DEBUG - DiscoveryMW::send_is_ready - done populating nested IsReady msg
2023-02-14 02:29:06,449 - DiscoveryAppln - DEBUG - DiscoveryMW::send_is_ready - build the outer DiscoveryResp message
2023-02-14 02:29:06,449 - DiscoveryAppln - DEBUG - DiscoveryMW::send_is_ready - done building the outer message
2023-02-14 02:29:06,449 - DiscoveryAppln - INFO - DiscoveryMW::send_is_ready - request sent and now wait for reply
2023-02-14 02:29:06,485 - DiscoveryAppln - INFO - DiscoveryMW::handle_reply
2023-02-14 02:29:06,485 - DiscoveryAppln - INFO - DiscoveryAppln::lookup_all_pubs
2023-02-14 02:29:06,485 - DiscoveryAppln - INFO - DiscoveryMW::send_all_publishers
2023-02-14 02:29:06,486 - DiscoveryAppln - DEBUG - DiscoveryMW::send_all_publishers - populate the nested LookupAllPubsResp msg
2023-02-14 02:29:06,486 - DiscoveryAppln - DEBUG - tcp://10.0.0.3:5577
2023-02-14 02:29:06,486 - DiscoveryAppln - DEBUG - tcp://10.0.0.2:5577
2023-02-14 02:29:06,486 - DiscoveryAppln - DEBUG - tcp://10.0.0.4:5577
2023-02-14 02:29:06,486 - DiscoveryAppln - DEBUG - tcp://10.0.0.5:5577
2023-02-14 02:29:06,486 - DiscoveryAppln - DEBUG - DiscoveryMW::send_all_publishers - done prepping message publishers
2023-02-14 02:29:06,486 - DiscoveryAppln - DEBUG - DiscoveryMW::send_all_publishers - done populating nested LookupAllPubsResp msg
2023-02-14 02:29:06,486 - DiscoveryAppln - DEBUG - DiscoveryMW::send_all_publishers - build the outer DiscoveryResp message
2023-02-14 02:29:06,486 - DiscoveryAppln - DEBUG - DiscoveryMW::send_all_publishers - done building the outer message
2023-02-14 02:29:06,502 - DiscoveryAppln - INFO - DiscoveryMW::handle_reply
2023-02-14 02:29:06,502 - DiscoveryAppln - INFO - DiscoveryAppln::isready_request
2023-02-14 02:29:06,502 - DiscoveryAppln - INFO - DiscoveryMW::send_is_ready
2023-02-14 02:29:06,503 - DiscoveryAppln - DEBUG - DiscoveryMW::send_is_ready - populate the nested IsReady msg
2023-02-14 02:29:06,503 - DiscoveryAppln - DEBUG - DiscoveryMW::send_is_ready - done populating nested IsReady msg
2023-02-14 02:29:06,503 - DiscoveryAppln - DEBUG - DiscoveryMW::send_is_ready - build the outer DiscoveryResp message
2023-02-14 02:29:06,503 - DiscoveryAppln - DEBUG - DiscoveryMW::send_is_ready - done building the outer message
2023-02-14 02:29:06,503 - DiscoveryAppln - INFO - DiscoveryMW::send_is_ready - request sent and now wait for reply
2023-02-14 02:29:06,503 - DiscoveryAppln - INFO - DiscoveryMW::handle_reply
2023-02-14 02:29:06,503 - DiscoveryAppln - INFO - DiscoveryAppln::isready_request
2023-02-14 02:29:06,503 - DiscoveryAppln - INFO - DiscoveryMW::send_is_ready
2023-02-14 02:29:06,503 - DiscoveryAppln - DEBUG - DiscoveryMW::send_is_ready - populate the nested IsReady msg
2023-02-14 02:29:06,503 - DiscoveryAppln - DEBUG - DiscoveryMW::send_is_ready - done populating nested IsReady msg
2023-02-14 02:29:06,503 - DiscoveryAppln - DEBUG - DiscoveryMW::send_is_ready - build the outer DiscoveryResp message
2023-02-14 02:29:06,503 - DiscoveryAppln - DEBUG - DiscoveryMW::send_is_ready - done building the outer message
2023-02-14 02:29:06,503 - DiscoveryAppln - INFO - DiscoveryMW::send_is_ready - request sent and now wait for reply
2023-02-14 02:29:06,504 - DiscoveryAppln - INFO - DiscoveryMW::handle_reply
2023-02-14 02:29:06,504 - DiscoveryAppln - INFO - DiscoveryAppln::lookup_by_topic_request
2023-02-14 02:29:06,504 - DiscoveryAppln - INFO - DiscoveryMW::send_topic_publishers
2023-02-14 02:29:06,504 - DiscoveryAppln - DEBUG - DiscoveryMW::send_topic_publishers - populate the nested LookupPubByTopicResp msg
2023-02-14 02:29:06,504 - DiscoveryAppln - DEBUG - tcp://10.0.0.6:5579
2023-02-14 02:29:06,504 - DiscoveryAppln - DEBUG - DiscoveryMW::send_topic_publishers - done prepping message publishers
2023-02-14 02:29:06,504 - DiscoveryAppln - DEBUG - DiscoveryMW::send_topic_publishers - done populating nested LookupPubByTopicResp msg
2023-02-14 02:29:06,504 - DiscoveryAppln - DEBUG - DiscoveryMW::send_topic_publishers - build the outer DiscoveryResp message
2023-02-14 02:29:06,504 - DiscoveryAppln - DEBUG - DiscoveryMW::send_topic_publishers - done building the outer message
2023-02-14 02:29:06,504 - DiscoveryAppln - INFO - DiscoveryMW::handle_reply
2023-02-14 02:29:06,504 - DiscoveryAppln - INFO - DiscoveryAppln::lookup_by_topic_request
2023-02-14 02:29:06,504 - DiscoveryAppln - INFO - DiscoveryMW::send_topic_publishers
2023-02-14 02:29:06,504 - DiscoveryAppln - DEBUG - DiscoveryMW::send_topic_publishers - populate the nested LookupPubByTopicResp msg
2023-02-14 02:29:06,504 - DiscoveryAppln - DEBUG - tcp://10.0.0.6:5579
2023-02-14 02:29:06,504 - DiscoveryAppln - DEBUG - DiscoveryMW::send_topic_publishers - done prepping message publishers
2023-02-14 02:29:06,504 - DiscoveryAppln - DEBUG - DiscoveryMW::send_topic_publishers - done populating nested LookupPubByTopicResp msg
2023-02-14 02:29:06,504 - DiscoveryAppln - DEBUG - DiscoveryMW::send_topic_publishers - build the outer DiscoveryResp message
2023-02-14 02:29:06,504 - DiscoveryAppln - DEBUG - DiscoveryMW::send_topic_publishers - done building the outer message
