2023-02-14 01:32:40,823 - root - INFO - Main - acquire a child logger and then log messages in the child
2023-02-14 01:32:41,020 - DiscoveryAppln - DEBUG - Main: parse command line arguments
2023-02-14 01:32:41,021 - DiscoveryAppln - DEBUG - Main: resetting log level to 10
2023-02-14 01:32:41,022 - DiscoveryAppln - DEBUG - Main: effective log level is 10
2023-02-14 01:32:41,022 - DiscoveryAppln - DEBUG - Main: obtain the publisher appln object
2023-02-14 01:32:41,022 - DiscoveryAppln - DEBUG - Main: configure the publisher appln object
2023-02-14 01:32:41,022 - DiscoveryAppln - INFO - DiscoveryAppln::configure
2023-02-14 01:32:41,022 - DiscoveryAppln - DEBUG - DiscoveryAppln::configure - parsing config.ini
2023-02-14 01:32:41,022 - DiscoveryAppln - DEBUG - DiscoveryAppln::configure - selecting our topic list
2023-02-14 01:32:41,022 - DiscoveryAppln - DEBUG - DiscoveryAppln::configure - initialize the middleware object
2023-02-14 01:32:41,022 - DiscoveryAppln - INFO - DiscoveryMW::configure
2023-02-14 01:32:41,022 - DiscoveryAppln - DEBUG - DiscoveryMW::configure - obtain ZMQ context
2023-02-14 01:32:41,023 - DiscoveryAppln - DEBUG - DiscoveryMW::configure - obtain the poller
2023-02-14 01:32:41,023 - DiscoveryAppln - DEBUG - DiscoveryMW::configure - obtain REP sockets
2023-02-14 01:32:41,023 - DiscoveryAppln - DEBUG - DiscoveryMW::configure - register the REP socket for incoming replies
2023-02-14 01:32:41,023 - DiscoveryAppln - INFO - DiscoveryMW::configure completed
2023-02-14 01:32:41,055 - DiscoveryAppln - INFO - DiscoveryAppln::configure - configuration complete
2023-02-14 01:32:41,056 - DiscoveryAppln - DEBUG - Main: invoke the publisher appln driver
2023-02-14 01:32:41,056 - DiscoveryAppln - INFO - DiscoveryAppln::driver
2023-02-14 01:32:41,056 - DiscoveryAppln - INFO - **********************************
2023-02-14 01:32:41,056 - DiscoveryAppln - INFO - DiscoveryAppln::dump
2023-02-14 01:32:41,056 - DiscoveryAppln - INFO - ------------------------------
2023-02-14 01:32:41,056 - DiscoveryAppln - INFO -      Name: disc
2023-02-14 01:32:41,056 - DiscoveryAppln - INFO -      Lookup: Centralized
2023-02-14 01:32:41,056 - DiscoveryAppln - INFO -      Num Topics: 1
2023-02-14 01:32:41,056 - DiscoveryAppln - INFO -      Iterations: 1000
2023-02-14 01:32:41,056 - DiscoveryAppln - INFO -      Frequency: 1
2023-02-14 01:32:41,056 - DiscoveryAppln - INFO - **********************************
2023-02-14 01:32:41,056 - DiscoveryAppln - DEBUG - DiscoveryAppln::driver - upcall handle
2023-02-14 01:32:41,056 - DiscoveryAppln - INFO - DiscoveryMW::event_loop - run the event loop
2023-02-14 01:32:41,097 - DiscoveryAppln - INFO - DiscoveryMW::handle_reply
2023-02-14 01:32:41,097 - DiscoveryAppln - INFO - DiscoveryAppln::register_request
2023-02-14 01:32:41,097 - DiscoveryAppln - INFO - DiscoveryMW::send_register_status
2023-02-14 01:32:41,097 - DiscoveryAppln - DEBUG - DiscoveryMW::send_register_status - populate the nested Register Response msg
2023-02-14 01:32:41,097 - DiscoveryAppln - DEBUG - DiscoveryMW::send_register_status - done populating nested Register Response msg
2023-02-14 01:32:41,097 - DiscoveryAppln - DEBUG - DiscoveryMW::send_register_status - build the outer Register Response message
2023-02-14 01:32:41,097 - DiscoveryAppln - DEBUG - DiscoveryMW::send_register_status - done building the outer message
2023-02-14 01:32:41,098 - DiscoveryAppln - INFO - DiscoveryMW::handle_reply
2023-02-14 01:32:41,098 - DiscoveryAppln - INFO - DiscoveryAppln::isready_request
2023-02-14 01:32:41,099 - DiscoveryAppln - INFO - DiscoveryMW::send_is_ready
2023-02-14 01:32:41,099 - DiscoveryAppln - DEBUG - DiscoveryMW::send_is_ready - populate the nested IsReady msg
2023-02-14 01:32:41,099 - DiscoveryAppln - DEBUG - DiscoveryMW::send_is_ready - done populating nested IsReady msg
2023-02-14 01:32:41,099 - DiscoveryAppln - DEBUG - DiscoveryMW::send_is_ready - build the outer DiscoveryResp message
2023-02-14 01:32:41,099 - DiscoveryAppln - DEBUG - DiscoveryMW::send_is_ready - done building the outer message
2023-02-14 01:32:41,099 - DiscoveryAppln - INFO - DiscoveryMW::send_is_ready - request sent and now wait for reply
2023-02-14 01:32:41,099 - DiscoveryAppln - INFO - DiscoveryMW::handle_reply
2023-02-14 01:32:41,099 - DiscoveryAppln - INFO - DiscoveryAppln::register_request
2023-02-14 01:32:41,100 - DiscoveryAppln - INFO - DiscoveryMW::send_register_status
2023-02-14 01:32:41,100 - DiscoveryAppln - DEBUG - DiscoveryMW::send_register_status - populate the nested Register Response msg
2023-02-14 01:32:41,100 - DiscoveryAppln - DEBUG - DiscoveryMW::send_register_status - done populating nested Register Response msg
2023-02-14 01:32:41,100 - DiscoveryAppln - DEBUG - DiscoveryMW::send_register_status - build the outer Register Response message
2023-02-14 01:32:41,100 - DiscoveryAppln - DEBUG - DiscoveryMW::send_register_status - done building the outer message
2023-02-14 01:32:41,101 - DiscoveryAppln - INFO - DiscoveryMW::handle_reply
2023-02-14 01:32:41,101 - DiscoveryAppln - INFO - DiscoveryAppln::isready_request
2023-02-14 01:32:41,101 - DiscoveryAppln - INFO - DiscoveryMW::send_is_ready
2023-02-14 01:32:41,101 - DiscoveryAppln - DEBUG - DiscoveryMW::send_is_ready - populate the nested IsReady msg
2023-02-14 01:32:41,101 - DiscoveryAppln - DEBUG - DiscoveryMW::send_is_ready - done populating nested IsReady msg
2023-02-14 01:32:41,101 - DiscoveryAppln - DEBUG - DiscoveryMW::send_is_ready - build the outer DiscoveryResp message
2023-02-14 01:32:41,101 - DiscoveryAppln - DEBUG - DiscoveryMW::send_is_ready - done building the outer message
2023-02-14 01:32:41,101 - DiscoveryAppln - INFO - DiscoveryMW::send_is_ready - request sent and now wait for reply
2023-02-14 01:32:41,150 - DiscoveryAppln - INFO - DiscoveryMW::handle_reply
2023-02-14 01:32:41,150 - DiscoveryAppln - INFO - DiscoveryAppln::register_request
2023-02-14 01:32:41,150 - DiscoveryAppln - INFO - DiscoveryMW::send_register_status
2023-02-14 01:32:41,150 - DiscoveryAppln - DEBUG - DiscoveryMW::send_register_status - populate the nested Register Response msg
2023-02-14 01:32:41,150 - DiscoveryAppln - DEBUG - DiscoveryMW::send_register_status - done populating nested Register Response msg
2023-02-14 01:32:41,150 - DiscoveryAppln - DEBUG - DiscoveryMW::send_register_status - build the outer Register Response message
2023-02-14 01:32:41,150 - DiscoveryAppln - DEBUG - DiscoveryMW::send_register_status - done building the outer message
2023-02-14 01:32:41,155 - DiscoveryAppln - INFO - DiscoveryMW::handle_reply
2023-02-14 01:32:41,155 - DiscoveryAppln - INFO - DiscoveryAppln::isready_request
2023-02-14 01:32:41,155 - DiscoveryAppln - INFO - DiscoveryMW::send_is_ready
2023-02-14 01:32:41,155 - DiscoveryAppln - DEBUG - DiscoveryMW::send_is_ready - populate the nested IsReady msg
2023-02-14 01:32:41,155 - DiscoveryAppln - DEBUG - DiscoveryMW::send_is_ready - done populating nested IsReady msg
2023-02-14 01:32:41,155 - DiscoveryAppln - DEBUG - DiscoveryMW::send_is_ready - build the outer DiscoveryResp message
2023-02-14 01:32:41,155 - DiscoveryAppln - DEBUG - DiscoveryMW::send_is_ready - done building the outer message
2023-02-14 01:32:41,155 - DiscoveryAppln - INFO - DiscoveryMW::send_is_ready - request sent and now wait for reply
2023-02-14 01:32:41,186 - DiscoveryAppln - INFO - DiscoveryMW::handle_reply
2023-02-14 01:32:41,186 - DiscoveryAppln - INFO - DiscoveryAppln::register_request
2023-02-14 01:32:41,186 - DiscoveryAppln - INFO - DiscoveryMW::send_register_status
2023-02-14 01:32:41,186 - DiscoveryAppln - DEBUG - DiscoveryMW::send_register_status - populate the nested Register Response msg
2023-02-14 01:32:41,186 - DiscoveryAppln - DEBUG - DiscoveryMW::send_register_status - done populating nested Register Response msg
2023-02-14 01:32:41,186 - DiscoveryAppln - DEBUG - DiscoveryMW::send_register_status - build the outer Register Response message
2023-02-14 01:32:41,187 - DiscoveryAppln - DEBUG - DiscoveryMW::send_register_status - done building the outer message
2023-02-14 01:32:41,190 - DiscoveryAppln - INFO - DiscoveryMW::handle_reply
2023-02-14 01:32:41,190 - DiscoveryAppln - INFO - DiscoveryAppln::isready_request
2023-02-14 01:32:41,190 - DiscoveryAppln - INFO - DiscoveryMW::send_is_ready
2023-02-14 01:32:41,191 - DiscoveryAppln - DEBUG - DiscoveryMW::send_is_ready - populate the nested IsReady msg
2023-02-14 01:32:41,191 - DiscoveryAppln - DEBUG - DiscoveryMW::send_is_ready - done populating nested IsReady msg
2023-02-14 01:32:41,191 - DiscoveryAppln - DEBUG - DiscoveryMW::send_is_ready - build the outer DiscoveryResp message
2023-02-14 01:32:41,191 - DiscoveryAppln - DEBUG - DiscoveryMW::send_is_ready - done building the outer message
2023-02-14 01:32:41,191 - DiscoveryAppln - INFO - DiscoveryMW::send_is_ready - request sent and now wait for reply
2023-02-14 01:32:41,203 - DiscoveryAppln - INFO - DiscoveryMW::handle_reply
2023-02-14 01:32:41,203 - DiscoveryAppln - INFO - DiscoveryAppln::register_request
2023-02-14 01:32:41,203 - DiscoveryAppln - INFO - DiscoveryMW::send_register_status
2023-02-14 01:32:41,203 - DiscoveryAppln - DEBUG - DiscoveryMW::send_register_status - populate the nested Register Response msg
2023-02-14 01:32:41,203 - DiscoveryAppln - DEBUG - DiscoveryMW::send_register_status - done populating nested Register Response msg
2023-02-14 01:32:41,203 - DiscoveryAppln - DEBUG - DiscoveryMW::send_register_status - build the outer Register Response message
2023-02-14 01:32:41,203 - DiscoveryAppln - DEBUG - DiscoveryMW::send_register_status - done building the outer message
2023-02-14 01:32:41,204 - DiscoveryAppln - INFO - DiscoveryMW::handle_reply
2023-02-14 01:32:41,204 - DiscoveryAppln - INFO - DiscoveryAppln::isready_request
2023-02-14 01:32:41,204 - DiscoveryAppln - INFO - DiscoveryMW::send_is_ready
2023-02-14 01:32:41,204 - DiscoveryAppln - DEBUG - DiscoveryMW::send_is_ready - populate the nested IsReady msg
2023-02-14 01:32:41,205 - DiscoveryAppln - DEBUG - DiscoveryMW::send_is_ready - done populating nested IsReady msg
2023-02-14 01:32:41,205 - DiscoveryAppln - DEBUG - DiscoveryMW::send_is_ready - build the outer DiscoveryResp message
2023-02-14 01:32:41,205 - DiscoveryAppln - DEBUG - DiscoveryMW::send_is_ready - done building the outer message
2023-02-14 01:32:41,205 - DiscoveryAppln - INFO - DiscoveryMW::send_is_ready - request sent and now wait for reply
2023-02-14 01:32:41,286 - DiscoveryAppln - INFO - DiscoveryMW::handle_reply
2023-02-14 01:32:41,286 - DiscoveryAppln - INFO - DiscoveryAppln::register_request
2023-02-14 01:32:41,286 - DiscoveryAppln - INFO - DiscoveryMW::send_register_status
2023-02-14 01:32:41,286 - DiscoveryAppln - DEBUG - DiscoveryMW::send_register_status - populate the nested Register Response msg
2023-02-14 01:32:41,286 - DiscoveryAppln - DEBUG - DiscoveryMW::send_register_status - done populating nested Register Response msg
2023-02-14 01:32:41,286 - DiscoveryAppln - DEBUG - DiscoveryMW::send_register_status - build the outer Register Response message
2023-02-14 01:32:41,286 - DiscoveryAppln - DEBUG - DiscoveryMW::send_register_status - done building the outer message
2023-02-14 01:32:41,287 - DiscoveryAppln - INFO - DiscoveryMW::handle_reply
2023-02-14 01:32:41,287 - DiscoveryAppln - INFO - DiscoveryAppln::register_request
2023-02-14 01:32:41,287 - DiscoveryAppln - INFO - DiscoveryMW::send_register_status
2023-02-14 01:32:41,287 - DiscoveryAppln - DEBUG - DiscoveryMW::send_register_status - populate the nested Register Response msg
2023-02-14 01:32:41,287 - DiscoveryAppln - DEBUG - DiscoveryMW::send_register_status - done populating nested Register Response msg
2023-02-14 01:32:41,287 - DiscoveryAppln - DEBUG - DiscoveryMW::send_register_status - build the outer Register Response message
2023-02-14 01:32:41,287 - DiscoveryAppln - DEBUG - DiscoveryMW::send_register_status - done building the outer message
2023-02-14 01:32:41,288 - DiscoveryAppln - INFO - DiscoveryMW::handle_reply
2023-02-14 01:32:41,288 - DiscoveryAppln - INFO - DiscoveryAppln::isready_request
2023-02-14 01:32:41,288 - DiscoveryAppln - INFO - DiscoveryMW::send_is_ready
2023-02-14 01:32:41,288 - DiscoveryAppln - DEBUG - DiscoveryMW::send_is_ready - populate the nested IsReady msg
2023-02-14 01:32:41,288 - DiscoveryAppln - DEBUG - DiscoveryMW::send_is_ready - done populating nested IsReady msg
2023-02-14 01:32:41,288 - DiscoveryAppln - DEBUG - DiscoveryMW::send_is_ready - build the outer DiscoveryResp message
2023-02-14 01:32:41,288 - DiscoveryAppln - DEBUG - DiscoveryMW::send_is_ready - done building the outer message
2023-02-14 01:32:41,288 - DiscoveryAppln - INFO - DiscoveryMW::send_is_ready - request sent and now wait for reply
2023-02-14 01:32:41,289 - DiscoveryAppln - INFO - DiscoveryMW::handle_reply
2023-02-14 01:32:41,289 - DiscoveryAppln - INFO - DiscoveryAppln::isready_request
2023-02-14 01:32:41,289 - DiscoveryAppln - INFO - DiscoveryMW::send_is_ready
2023-02-14 01:32:41,290 - DiscoveryAppln - DEBUG - DiscoveryMW::send_is_ready - populate the nested IsReady msg
2023-02-14 01:32:41,290 - DiscoveryAppln - DEBUG - DiscoveryMW::send_is_ready - done populating nested IsReady msg
2023-02-14 01:32:41,290 - DiscoveryAppln - DEBUG - DiscoveryMW::send_is_ready - build the outer DiscoveryResp message
2023-02-14 01:32:41,290 - DiscoveryAppln - DEBUG - DiscoveryMW::send_is_ready - done building the outer message
2023-02-14 01:32:41,293 - DiscoveryAppln - INFO - DiscoveryMW::send_is_ready - request sent and now wait for reply
2023-02-14 01:32:41,293 - DiscoveryAppln - INFO - DiscoveryMW::handle_reply
2023-02-14 01:32:41,293 - DiscoveryAppln - INFO - DiscoveryAppln::lookup_by_topic_request
2023-02-14 01:32:41,293 - DiscoveryAppln - INFO - DiscoveryMW::send_topic_publishers
2023-02-14 01:32:41,293 - DiscoveryAppln - DEBUG - DiscoveryMW::send_topic_publishers - populate the nested LookupPubByTopicResp msg
2023-02-14 01:32:41,293 - DiscoveryAppln - DEBUG - tcp://10.0.0.2:5577
2023-02-14 01:32:41,293 - DiscoveryAppln - DEBUG - tcp://10.0.0.3:5577
2023-02-14 01:32:41,293 - DiscoveryAppln - DEBUG - tcp://10.0.0.4:5577
2023-02-14 01:32:41,294 - DiscoveryAppln - DEBUG - tcp://10.0.0.5:5577
2023-02-14 01:32:41,294 - DiscoveryAppln - DEBUG - DiscoveryMW::send_topic_publishers - done prepping message publishers
2023-02-14 01:32:41,294 - DiscoveryAppln - DEBUG - DiscoveryMW::send_topic_publishers - done populating nested LookupPubByTopicResp msg
2023-02-14 01:32:41,294 - DiscoveryAppln - DEBUG - DiscoveryMW::send_topic_publishers - build the outer DiscoveryResp message
2023-02-14 01:32:41,294 - DiscoveryAppln - DEBUG - DiscoveryMW::send_topic_publishers - done building the outer message
2023-02-14 01:32:41,296 - DiscoveryAppln - INFO - DiscoveryMW::handle_reply
2023-02-14 01:32:41,298 - DiscoveryAppln - INFO - DiscoveryAppln::lookup_by_topic_request
2023-02-14 01:32:41,299 - DiscoveryAppln - INFO - DiscoveryMW::send_topic_publishers
2023-02-14 01:32:41,299 - DiscoveryAppln - DEBUG - DiscoveryMW::send_topic_publishers - populate the nested LookupPubByTopicResp msg
2023-02-14 01:32:41,299 - DiscoveryAppln - DEBUG - tcp://10.0.0.2:5577
2023-02-14 01:32:41,299 - DiscoveryAppln - DEBUG - tcp://10.0.0.3:5577
2023-02-14 01:32:41,299 - DiscoveryAppln - DEBUG - tcp://10.0.0.4:5577
2023-02-14 01:32:41,299 - DiscoveryAppln - DEBUG - tcp://10.0.0.5:5577
2023-02-14 01:32:41,299 - DiscoveryAppln - DEBUG - DiscoveryMW::send_topic_publishers - done prepping message publishers
2023-02-14 01:32:41,299 - DiscoveryAppln - DEBUG - DiscoveryMW::send_topic_publishers - done populating nested LookupPubByTopicResp msg
2023-02-14 01:32:41,299 - DiscoveryAppln - DEBUG - DiscoveryMW::send_topic_publishers - build the outer DiscoveryResp message
2023-02-14 01:32:41,299 - DiscoveryAppln - DEBUG - DiscoveryMW::send_topic_publishers - done building the outer message
2023-02-14 01:32:51,109 - DiscoveryAppln - INFO - DiscoveryMW::handle_reply
2023-02-14 01:32:51,109 - DiscoveryAppln - INFO - DiscoveryAppln::isready_request
2023-02-14 01:32:51,109 - DiscoveryAppln - INFO - DiscoveryMW::send_is_ready
2023-02-14 01:32:51,109 - DiscoveryAppln - DEBUG - DiscoveryMW::send_is_ready - populate the nested IsReady msg
2023-02-14 01:32:51,109 - DiscoveryAppln - DEBUG - DiscoveryMW::send_is_ready - done populating nested IsReady msg
2023-02-14 01:32:51,109 - DiscoveryAppln - DEBUG - DiscoveryMW::send_is_ready - build the outer DiscoveryResp message
2023-02-14 01:32:51,109 - DiscoveryAppln - DEBUG - DiscoveryMW::send_is_ready - done building the outer message
2023-02-14 01:32:51,110 - DiscoveryAppln - INFO - DiscoveryMW::send_is_ready - request sent and now wait for reply
2023-02-14 01:32:51,111 - DiscoveryAppln - INFO - DiscoveryMW::handle_reply
2023-02-14 01:32:51,111 - DiscoveryAppln - INFO - DiscoveryAppln::isready_request
2023-02-14 01:32:51,111 - DiscoveryAppln - INFO - DiscoveryMW::send_is_ready
2023-02-14 01:32:51,111 - DiscoveryAppln - DEBUG - DiscoveryMW::send_is_ready - populate the nested IsReady msg
2023-02-14 01:32:51,111 - DiscoveryAppln - DEBUG - DiscoveryMW::send_is_ready - done populating nested IsReady msg
2023-02-14 01:32:51,111 - DiscoveryAppln - DEBUG - DiscoveryMW::send_is_ready - build the outer DiscoveryResp message
2023-02-14 01:32:51,111 - DiscoveryAppln - DEBUG - DiscoveryMW::send_is_ready - done building the outer message
2023-02-14 01:32:51,111 - DiscoveryAppln - INFO - DiscoveryMW::send_is_ready - request sent and now wait for reply
2023-02-14 01:32:51,165 - DiscoveryAppln - INFO - DiscoveryMW::handle_reply
2023-02-14 01:32:51,165 - DiscoveryAppln - INFO - DiscoveryAppln::isready_request
2023-02-14 01:32:51,166 - DiscoveryAppln - INFO - DiscoveryMW::send_is_ready
2023-02-14 01:32:51,166 - DiscoveryAppln - DEBUG - DiscoveryMW::send_is_ready - populate the nested IsReady msg
2023-02-14 01:32:51,166 - DiscoveryAppln - DEBUG - DiscoveryMW::send_is_ready - done populating nested IsReady msg
2023-02-14 01:32:51,166 - DiscoveryAppln - DEBUG - DiscoveryMW::send_is_ready - build the outer DiscoveryResp message
2023-02-14 01:32:51,166 - DiscoveryAppln - DEBUG - DiscoveryMW::send_is_ready - done building the outer message
2023-02-14 01:32:51,166 - DiscoveryAppln - INFO - DiscoveryMW::send_is_ready - request sent and now wait for reply
2023-02-14 01:32:51,166 - DiscoveryAppln - INFO - DiscoveryMW::handle_reply
2023-02-14 01:32:51,166 - DiscoveryAppln - INFO - DiscoveryAppln::lookup_by_topic_request
2023-02-14 01:32:51,166 - DiscoveryAppln - INFO - DiscoveryMW::send_topic_publishers
2023-02-14 01:32:51,166 - DiscoveryAppln - DEBUG - DiscoveryMW::send_topic_publishers - populate the nested LookupPubByTopicResp msg
2023-02-14 01:32:51,166 - DiscoveryAppln - DEBUG - tcp://10.0.0.2:5577
2023-02-14 01:32:51,166 - DiscoveryAppln - DEBUG - tcp://10.0.0.3:5577
2023-02-14 01:32:51,166 - DiscoveryAppln - DEBUG - tcp://10.0.0.4:5577
2023-02-14 01:32:51,166 - DiscoveryAppln - DEBUG - tcp://10.0.0.5:5577
2023-02-14 01:32:51,166 - DiscoveryAppln - DEBUG - DiscoveryMW::send_topic_publishers - done prepping message publishers
2023-02-14 01:32:51,166 - DiscoveryAppln - DEBUG - DiscoveryMW::send_topic_publishers - done populating nested LookupPubByTopicResp msg
2023-02-14 01:32:51,166 - DiscoveryAppln - DEBUG - DiscoveryMW::send_topic_publishers - build the outer DiscoveryResp message
2023-02-14 01:32:51,167 - DiscoveryAppln - DEBUG - DiscoveryMW::send_topic_publishers - done building the outer message
2023-02-14 01:32:51,202 - DiscoveryAppln - INFO - DiscoveryMW::handle_reply
2023-02-14 01:32:51,202 - DiscoveryAppln - INFO - DiscoveryAppln::isready_request
2023-02-14 01:32:51,203 - DiscoveryAppln - INFO - DiscoveryMW::send_is_ready
2023-02-14 01:32:51,203 - DiscoveryAppln - DEBUG - DiscoveryMW::send_is_ready - populate the nested IsReady msg
2023-02-14 01:32:51,203 - DiscoveryAppln - DEBUG - DiscoveryMW::send_is_ready - done populating nested IsReady msg
2023-02-14 01:32:51,203 - DiscoveryAppln - DEBUG - DiscoveryMW::send_is_ready - build the outer DiscoveryResp message
2023-02-14 01:32:51,203 - DiscoveryAppln - DEBUG - DiscoveryMW::send_is_ready - done building the outer message
2023-02-14 01:32:51,203 - DiscoveryAppln - INFO - DiscoveryMW::send_is_ready - request sent and now wait for reply
2023-02-14 01:32:51,213 - DiscoveryAppln - INFO - DiscoveryMW::handle_reply
2023-02-14 01:32:51,213 - DiscoveryAppln - INFO - DiscoveryAppln::isready_request
2023-02-14 01:32:51,213 - DiscoveryAppln - INFO - DiscoveryMW::send_is_ready
2023-02-14 01:32:51,213 - DiscoveryAppln - DEBUG - DiscoveryMW::send_is_ready - populate the nested IsReady msg
2023-02-14 01:32:51,213 - DiscoveryAppln - DEBUG - DiscoveryMW::send_is_ready - done populating nested IsReady msg
2023-02-14 01:32:51,213 - DiscoveryAppln - DEBUG - DiscoveryMW::send_is_ready - build the outer DiscoveryResp message
2023-02-14 01:32:51,213 - DiscoveryAppln - DEBUG - DiscoveryMW::send_is_ready - done building the outer message
2023-02-14 01:32:51,213 - DiscoveryAppln - INFO - DiscoveryMW::send_is_ready - request sent and now wait for reply
