2023-02-14 00:10:57,211 - root - INFO - Main - acquire a child logger and then log messages in the child
2023-02-14 00:10:57,211 - DiscoveryAppln - DEBUG - Main: parse command line arguments
2023-02-14 00:10:57,223 - DiscoveryAppln - DEBUG - Main: resetting log level to 10
2023-02-14 00:10:57,223 - DiscoveryAppln - DEBUG - Main: effective log level is 10
2023-02-14 00:10:57,223 - DiscoveryAppln - DEBUG - Main: obtain the publisher appln object
2023-02-14 00:10:57,223 - DiscoveryAppln - DEBUG - Main: configure the publisher appln object
2023-02-14 00:10:57,223 - DiscoveryAppln - INFO - DiscoveryAppln::configure
2023-02-14 00:10:57,223 - DiscoveryAppln - DEBUG - DiscoveryAppln::configure - parsing config.ini
2023-02-14 00:10:57,224 - DiscoveryAppln - DEBUG - DiscoveryAppln::configure - selecting our topic list
2023-02-14 00:10:57,224 - DiscoveryAppln - DEBUG - DiscoveryAppln::configure - initialize the middleware object
2023-02-14 00:10:57,224 - DiscoveryAppln - INFO - DiscoveryMW::configure
2023-02-14 00:10:57,224 - DiscoveryAppln - DEBUG - DiscoveryMW::configure - obtain ZMQ context
2023-02-14 00:10:57,224 - DiscoveryAppln - DEBUG - DiscoveryMW::configure - obtain the poller
2023-02-14 00:10:57,225 - DiscoveryAppln - DEBUG - DiscoveryMW::configure - obtain REP sockets
2023-02-14 00:10:57,225 - DiscoveryAppln - DEBUG - DiscoveryMW::configure - register the REP socket for incoming replies
2023-02-14 00:10:57,225 - DiscoveryAppln - INFO - DiscoveryMW::configure completed
2023-02-14 00:10:57,225 - DiscoveryAppln - INFO - DiscoveryAppln::configure - configuration complete
2023-02-14 00:10:57,225 - DiscoveryAppln - DEBUG - Main: invoke the publisher appln driver
2023-02-14 00:10:57,225 - DiscoveryAppln - INFO - DiscoveryAppln::driver
2023-02-14 00:10:57,226 - DiscoveryAppln - INFO - **********************************
2023-02-14 00:10:57,226 - DiscoveryAppln - INFO - DiscoveryAppln::dump
2023-02-14 00:10:57,226 - DiscoveryAppln - INFO - ------------------------------
2023-02-14 00:10:57,226 - DiscoveryAppln - INFO -      Name: disc
2023-02-14 00:10:57,226 - DiscoveryAppln - INFO -      Lookup: Centralized
2023-02-14 00:10:57,226 - DiscoveryAppln - INFO -      Num Topics: 1
2023-02-14 00:10:57,226 - DiscoveryAppln - INFO -      Iterations: 1000
2023-02-14 00:10:57,226 - DiscoveryAppln - INFO -      Frequency: 1
2023-02-14 00:10:57,226 - DiscoveryAppln - INFO - **********************************
2023-02-14 00:10:57,226 - DiscoveryAppln - DEBUG - DiscoveryAppln::driver - upcall handle
2023-02-14 00:10:57,227 - DiscoveryAppln - INFO - DiscoveryMW::event_loop - run the event loop
2023-02-14 00:10:57,356 - DiscoveryAppln - INFO - DiscoveryMW::handle_reply
2023-02-14 00:10:57,357 - DiscoveryAppln - INFO - DiscoveryAppln::register_request
2023-02-14 00:10:57,357 - DiscoveryAppln - INFO - DiscoveryMW::send_register_status
2023-02-14 00:10:57,358 - DiscoveryAppln - DEBUG - DiscoveryMW::send_register_status - populate the nested Register Response msg
2023-02-14 00:10:57,358 - DiscoveryAppln - DEBUG - DiscoveryMW::send_register_status - done populating nested Register Response msg
2023-02-14 00:10:57,360 - DiscoveryAppln - DEBUG - DiscoveryMW::send_register_status - build the outer Register Response message
2023-02-14 00:10:57,360 - DiscoveryAppln - DEBUG - DiscoveryMW::send_register_status - done building the outer message
2023-02-14 00:10:57,363 - DiscoveryAppln - INFO - DiscoveryMW::handle_reply
2023-02-14 00:10:57,369 - DiscoveryAppln - INFO - DiscoveryAppln::isready_request
2023-02-14 00:10:57,369 - DiscoveryAppln - INFO - DiscoveryMW::send_is_ready
2023-02-14 00:10:57,369 - DiscoveryAppln - DEBUG - DiscoveryMW::send_is_ready - populate the nested IsReady msg
2023-02-14 00:10:57,369 - DiscoveryAppln - DEBUG - DiscoveryMW::send_is_ready - done populating nested IsReady msg
2023-02-14 00:10:57,369 - DiscoveryAppln - DEBUG - DiscoveryMW::send_is_ready - build the outer DiscoveryResp message
2023-02-14 00:10:57,369 - DiscoveryAppln - DEBUG - DiscoveryMW::send_is_ready - done building the outer message
2023-02-14 00:10:57,370 - DiscoveryAppln - INFO - DiscoveryMW::send_is_ready - request sent and now wait for reply
2023-02-14 00:10:57,370 - DiscoveryAppln - INFO - DiscoveryMW::handle_reply
2023-02-14 00:10:57,370 - DiscoveryAppln - INFO - DiscoveryAppln::register_request
2023-02-14 00:10:57,370 - DiscoveryAppln - INFO - DiscoveryMW::send_register_status
2023-02-14 00:10:57,370 - DiscoveryAppln - DEBUG - DiscoveryMW::send_register_status - populate the nested Register Response msg
2023-02-14 00:10:57,370 - DiscoveryAppln - DEBUG - DiscoveryMW::send_register_status - done populating nested Register Response msg
2023-02-14 00:10:57,370 - DiscoveryAppln - DEBUG - DiscoveryMW::send_register_status - build the outer Register Response message
2023-02-14 00:10:57,370 - DiscoveryAppln - DEBUG - DiscoveryMW::send_register_status - done building the outer message
2023-02-14 00:10:57,372 - DiscoveryAppln - INFO - DiscoveryMW::handle_reply
2023-02-14 00:10:57,372 - DiscoveryAppln - INFO - DiscoveryAppln::isready_request
2023-02-14 00:10:57,372 - DiscoveryAppln - INFO - DiscoveryMW::send_is_ready
2023-02-14 00:10:57,375 - DiscoveryAppln - DEBUG - DiscoveryMW::send_is_ready - populate the nested IsReady msg
2023-02-14 00:10:57,375 - DiscoveryAppln - DEBUG - DiscoveryMW::send_is_ready - done populating nested IsReady msg
2023-02-14 00:10:57,375 - DiscoveryAppln - DEBUG - DiscoveryMW::send_is_ready - build the outer DiscoveryResp message
2023-02-14 00:10:57,375 - DiscoveryAppln - DEBUG - DiscoveryMW::send_is_ready - done building the outer message
2023-02-14 00:10:57,378 - DiscoveryAppln - INFO - DiscoveryMW::send_is_ready - request sent and now wait for reply
2023-02-14 00:10:57,378 - DiscoveryAppln - INFO - DiscoveryMW::handle_reply
2023-02-14 00:10:57,379 - DiscoveryAppln - INFO - DiscoveryAppln::register_request
2023-02-14 00:10:57,379 - DiscoveryAppln - INFO - DiscoveryMW::send_register_status
2023-02-14 00:10:57,379 - DiscoveryAppln - DEBUG - DiscoveryMW::send_register_status - populate the nested Register Response msg
2023-02-14 00:10:57,379 - DiscoveryAppln - DEBUG - DiscoveryMW::send_register_status - done populating nested Register Response msg
2023-02-14 00:10:57,379 - DiscoveryAppln - DEBUG - DiscoveryMW::send_register_status - build the outer Register Response message
2023-02-14 00:10:57,379 - DiscoveryAppln - DEBUG - DiscoveryMW::send_register_status - done building the outer message
2023-02-14 00:10:57,438 - DiscoveryAppln - INFO - DiscoveryMW::handle_reply
2023-02-14 00:10:57,441 - DiscoveryAppln - INFO - DiscoveryAppln::isready_request
2023-02-14 00:10:57,441 - DiscoveryAppln - INFO - DiscoveryMW::send_is_ready
2023-02-14 00:10:57,442 - DiscoveryAppln - DEBUG - DiscoveryMW::send_is_ready - populate the nested IsReady msg
2023-02-14 00:10:57,442 - DiscoveryAppln - DEBUG - DiscoveryMW::send_is_ready - done populating nested IsReady msg
2023-02-14 00:10:57,442 - DiscoveryAppln - DEBUG - DiscoveryMW::send_is_ready - build the outer DiscoveryResp message
2023-02-14 00:10:57,442 - DiscoveryAppln - DEBUG - DiscoveryMW::send_is_ready - done building the outer message
2023-02-14 00:10:57,443 - DiscoveryAppln - INFO - DiscoveryMW::send_is_ready - request sent and now wait for reply
2023-02-14 00:10:57,445 - DiscoveryAppln - INFO - DiscoveryMW::handle_reply
2023-02-14 00:10:57,446 - DiscoveryAppln - INFO - DiscoveryAppln::register_request
2023-02-14 00:10:57,446 - DiscoveryAppln - INFO - DiscoveryMW::send_register_status
2023-02-14 00:10:57,446 - DiscoveryAppln - DEBUG - DiscoveryMW::send_register_status - populate the nested Register Response msg
2023-02-14 00:10:57,446 - DiscoveryAppln - DEBUG - DiscoveryMW::send_register_status - done populating nested Register Response msg
2023-02-14 00:10:57,446 - DiscoveryAppln - DEBUG - DiscoveryMW::send_register_status - build the outer Register Response message
2023-02-14 00:10:57,446 - DiscoveryAppln - DEBUG - DiscoveryMW::send_register_status - done building the outer message
2023-02-14 00:10:57,446 - DiscoveryAppln - INFO - DiscoveryMW::handle_reply
2023-02-14 00:10:57,446 - DiscoveryAppln - INFO - DiscoveryAppln::register_request
2023-02-14 00:10:57,447 - DiscoveryAppln - INFO - DiscoveryMW::send_register_status
2023-02-14 00:10:57,447 - DiscoveryAppln - DEBUG - DiscoveryMW::send_register_status - populate the nested Register Response msg
2023-02-14 00:10:57,447 - DiscoveryAppln - DEBUG - DiscoveryMW::send_register_status - done populating nested Register Response msg
2023-02-14 00:10:57,447 - DiscoveryAppln - DEBUG - DiscoveryMW::send_register_status - build the outer Register Response message
2023-02-14 00:10:57,447 - DiscoveryAppln - DEBUG - DiscoveryMW::send_register_status - done building the outer message
2023-02-14 00:10:57,447 - DiscoveryAppln - INFO - DiscoveryMW::handle_reply
2023-02-14 00:10:57,447 - DiscoveryAppln - INFO - DiscoveryAppln::register_request
2023-02-14 00:10:57,447 - DiscoveryAppln - INFO - DiscoveryMW::send_register_status
2023-02-14 00:10:57,448 - DiscoveryAppln - DEBUG - DiscoveryMW::send_register_status - populate the nested Register Response msg
2023-02-14 00:10:57,448 - DiscoveryAppln - DEBUG - DiscoveryMW::send_register_status - done populating nested Register Response msg
2023-02-14 00:10:57,448 - DiscoveryAppln - DEBUG - DiscoveryMW::send_register_status - build the outer Register Response message
2023-02-14 00:10:57,448 - DiscoveryAppln - DEBUG - DiscoveryMW::send_register_status - done building the outer message
2023-02-14 00:10:57,456 - DiscoveryAppln - INFO - DiscoveryMW::handle_reply
2023-02-14 00:10:57,456 - DiscoveryAppln - INFO - DiscoveryAppln::isready_request
2023-02-14 00:10:57,456 - DiscoveryAppln - INFO - DiscoveryMW::send_is_ready
2023-02-14 00:10:57,456 - DiscoveryAppln - DEBUG - DiscoveryMW::send_is_ready - populate the nested IsReady msg
2023-02-14 00:10:57,456 - DiscoveryAppln - DEBUG - DiscoveryMW::send_is_ready - done populating nested IsReady msg
2023-02-14 00:10:57,456 - DiscoveryAppln - DEBUG - DiscoveryMW::send_is_ready - build the outer DiscoveryResp message
2023-02-14 00:10:57,456 - DiscoveryAppln - DEBUG - DiscoveryMW::send_is_ready - done building the outer message
2023-02-14 00:10:57,456 - DiscoveryAppln - INFO - DiscoveryMW::send_is_ready - request sent and now wait for reply
2023-02-14 00:10:57,456 - DiscoveryAppln - INFO - DiscoveryMW::handle_reply
2023-02-14 00:10:57,456 - DiscoveryAppln - INFO - DiscoveryAppln::isready_request
2023-02-14 00:10:57,456 - DiscoveryAppln - INFO - DiscoveryMW::send_is_ready
2023-02-14 00:10:57,457 - DiscoveryAppln - DEBUG - DiscoveryMW::send_is_ready - populate the nested IsReady msg
2023-02-14 00:10:57,457 - DiscoveryAppln - DEBUG - DiscoveryMW::send_is_ready - done populating nested IsReady msg
2023-02-14 00:10:57,457 - DiscoveryAppln - DEBUG - DiscoveryMW::send_is_ready - build the outer DiscoveryResp message
2023-02-14 00:10:57,457 - DiscoveryAppln - DEBUG - DiscoveryMW::send_is_ready - done building the outer message
2023-02-14 00:10:57,457 - DiscoveryAppln - INFO - DiscoveryMW::send_is_ready - request sent and now wait for reply
2023-02-14 00:10:57,457 - DiscoveryAppln - INFO - DiscoveryMW::handle_reply
2023-02-14 00:10:57,457 - DiscoveryAppln - INFO - DiscoveryAppln::isready_request
2023-02-14 00:10:57,457 - DiscoveryAppln - INFO - DiscoveryMW::send_is_ready
2023-02-14 00:10:57,457 - DiscoveryAppln - DEBUG - DiscoveryMW::send_is_ready - populate the nested IsReady msg
2023-02-14 00:10:57,457 - DiscoveryAppln - DEBUG - DiscoveryMW::send_is_ready - done populating nested IsReady msg
2023-02-14 00:10:57,457 - DiscoveryAppln - DEBUG - DiscoveryMW::send_is_ready - build the outer DiscoveryResp message
2023-02-14 00:10:57,457 - DiscoveryAppln - DEBUG - DiscoveryMW::send_is_ready - done building the outer message
2023-02-14 00:10:57,457 - DiscoveryAppln - INFO - DiscoveryMW::send_is_ready - request sent and now wait for reply
2023-02-14 00:10:57,457 - DiscoveryAppln - INFO - DiscoveryMW::handle_reply
2023-02-14 00:10:57,457 - DiscoveryAppln - INFO - DiscoveryAppln::register_request
2023-02-14 00:10:57,457 - DiscoveryAppln - INFO - DiscoveryMW::send_register_status
2023-02-14 00:10:57,457 - DiscoveryAppln - DEBUG - DiscoveryMW::send_register_status - populate the nested Register Response msg
2023-02-14 00:10:57,457 - DiscoveryAppln - DEBUG - DiscoveryMW::send_register_status - done populating nested Register Response msg
2023-02-14 00:10:57,457 - DiscoveryAppln - DEBUG - DiscoveryMW::send_register_status - build the outer Register Response message
2023-02-14 00:10:57,457 - DiscoveryAppln - DEBUG - DiscoveryMW::send_register_status - done building the outer message
2023-02-14 00:10:57,464 - DiscoveryAppln - INFO - DiscoveryMW::handle_reply
2023-02-14 00:10:57,464 - DiscoveryAppln - INFO - DiscoveryAppln::isready_request
2023-02-14 00:10:57,464 - DiscoveryAppln - INFO - DiscoveryMW::send_is_ready
2023-02-14 00:10:57,464 - DiscoveryAppln - DEBUG - DiscoveryMW::send_is_ready - populate the nested IsReady msg
2023-02-14 00:10:57,464 - DiscoveryAppln - DEBUG - DiscoveryMW::send_is_ready - done populating nested IsReady msg
2023-02-14 00:10:57,464 - DiscoveryAppln - DEBUG - DiscoveryMW::send_is_ready - build the outer DiscoveryResp message
2023-02-14 00:10:57,464 - DiscoveryAppln - DEBUG - DiscoveryMW::send_is_ready - done building the outer message
2023-02-14 00:10:57,465 - DiscoveryAppln - INFO - DiscoveryMW::send_is_ready - request sent and now wait for reply
2023-02-14 00:10:57,466 - DiscoveryAppln - INFO - DiscoveryMW::handle_reply
2023-02-14 00:10:57,466 - DiscoveryAppln - INFO - DiscoveryAppln::register_request
2023-02-14 00:10:57,466 - DiscoveryAppln - INFO - DiscoveryMW::send_register_status
2023-02-14 00:10:57,466 - DiscoveryAppln - DEBUG - DiscoveryMW::send_register_status - populate the nested Register Response msg
2023-02-14 00:10:57,466 - DiscoveryAppln - DEBUG - DiscoveryMW::send_register_status - done populating nested Register Response msg
2023-02-14 00:10:57,466 - DiscoveryAppln - DEBUG - DiscoveryMW::send_register_status - build the outer Register Response message
2023-02-14 00:10:57,466 - DiscoveryAppln - DEBUG - DiscoveryMW::send_register_status - done building the outer message
2023-02-14 00:10:57,467 - DiscoveryAppln - INFO - DiscoveryMW::handle_reply
2023-02-14 00:10:57,467 - DiscoveryAppln - INFO - DiscoveryAppln::register_request
2023-02-14 00:10:57,467 - DiscoveryAppln - INFO - DiscoveryMW::send_register_status
2023-02-14 00:10:57,467 - DiscoveryAppln - DEBUG - DiscoveryMW::send_register_status - populate the nested Register Response msg
2023-02-14 00:10:57,467 - DiscoveryAppln - DEBUG - DiscoveryMW::send_register_status - done populating nested Register Response msg
2023-02-14 00:10:57,467 - DiscoveryAppln - DEBUG - DiscoveryMW::send_register_status - build the outer Register Response message
2023-02-14 00:10:57,467 - DiscoveryAppln - DEBUG - DiscoveryMW::send_register_status - done building the outer message
2023-02-14 00:10:57,469 - DiscoveryAppln - INFO - DiscoveryMW::handle_reply
2023-02-14 00:10:57,469 - DiscoveryAppln - INFO - DiscoveryAppln::isready_request
2023-02-14 00:10:57,469 - DiscoveryAppln - INFO - DiscoveryMW::send_is_ready
2023-02-14 00:10:57,469 - DiscoveryAppln - DEBUG - DiscoveryMW::send_is_ready - populate the nested IsReady msg
2023-02-14 00:10:57,469 - DiscoveryAppln - DEBUG - DiscoveryMW::send_is_ready - done populating nested IsReady msg
2023-02-14 00:10:57,469 - DiscoveryAppln - DEBUG - DiscoveryMW::send_is_ready - build the outer DiscoveryResp message
2023-02-14 00:10:57,469 - DiscoveryAppln - DEBUG - DiscoveryMW::send_is_ready - done building the outer message
2023-02-14 00:10:57,469 - DiscoveryAppln - INFO - DiscoveryMW::send_is_ready - request sent and now wait for reply
2023-02-14 00:10:57,469 - DiscoveryAppln - INFO - DiscoveryMW::handle_reply
2023-02-14 00:10:57,469 - DiscoveryAppln - INFO - DiscoveryAppln::isready_request
2023-02-14 00:10:57,469 - DiscoveryAppln - INFO - DiscoveryMW::send_is_ready
2023-02-14 00:10:57,469 - DiscoveryAppln - DEBUG - DiscoveryMW::send_is_ready - populate the nested IsReady msg
2023-02-14 00:10:57,469 - DiscoveryAppln - DEBUG - DiscoveryMW::send_is_ready - done populating nested IsReady msg
2023-02-14 00:10:57,469 - DiscoveryAppln - DEBUG - DiscoveryMW::send_is_ready - build the outer DiscoveryResp message
2023-02-14 00:10:57,469 - DiscoveryAppln - DEBUG - DiscoveryMW::send_is_ready - done building the outer message
2023-02-14 00:10:57,470 - DiscoveryAppln - INFO - DiscoveryMW::send_is_ready - request sent and now wait for reply
2023-02-14 00:10:57,471 - DiscoveryAppln - INFO - DiscoveryMW::handle_reply
2023-02-14 00:10:57,471 - DiscoveryAppln - INFO - DiscoveryAppln::lookup_by_topic_request
2023-02-14 00:10:57,471 - DiscoveryAppln - INFO - DiscoveryMW::send_topic_publishers
2023-02-14 00:10:57,471 - DiscoveryAppln - DEBUG - DiscoveryMW::send_topic_publishers - populate the nested LookupPubByTopicResp msg
2023-02-14 00:10:57,471 - DiscoveryAppln - DEBUG - tcp://10.0.0.2:5577
2023-02-14 00:10:57,471 - DiscoveryAppln - DEBUG - tcp://10.0.0.4:5577
2023-02-14 00:10:57,471 - DiscoveryAppln - DEBUG - tcp://10.0.0.5:5577
2023-02-14 00:10:57,471 - DiscoveryAppln - DEBUG - tcp://10.0.0.3:5577
2023-02-14 00:10:57,471 - DiscoveryAppln - DEBUG - DiscoveryMW::send_topic_publishers - done prepping message publishers
2023-02-14 00:10:57,471 - DiscoveryAppln - DEBUG - DiscoveryMW::send_topic_publishers - done populating nested LookupPubByTopicResp msg
2023-02-14 00:10:57,471 - DiscoveryAppln - DEBUG - DiscoveryMW::send_topic_publishers - build the outer DiscoveryResp message
2023-02-14 00:10:57,471 - DiscoveryAppln - DEBUG - DiscoveryMW::send_topic_publishers - done building the outer message
2023-02-14 00:10:57,472 - DiscoveryAppln - INFO - DiscoveryMW::handle_reply
2023-02-14 00:10:57,472 - DiscoveryAppln - INFO - DiscoveryAppln::lookup_by_topic_request
2023-02-14 00:10:57,472 - DiscoveryAppln - INFO - DiscoveryMW::send_topic_publishers
2023-02-14 00:10:57,472 - DiscoveryAppln - DEBUG - DiscoveryMW::send_topic_publishers - populate the nested LookupPubByTopicResp msg
2023-02-14 00:10:57,472 - DiscoveryAppln - DEBUG - tcp://10.0.0.2:5577
2023-02-14 00:10:57,472 - DiscoveryAppln - DEBUG - tcp://10.0.0.4:5577
2023-02-14 00:10:57,472 - DiscoveryAppln - DEBUG - tcp://10.0.0.5:5577
2023-02-14 00:10:57,472 - DiscoveryAppln - DEBUG - tcp://10.0.0.3:5577
2023-02-14 00:10:57,472 - DiscoveryAppln - DEBUG - DiscoveryMW::send_topic_publishers - done prepping message publishers
2023-02-14 00:10:57,472 - DiscoveryAppln - DEBUG - DiscoveryMW::send_topic_publishers - done populating nested LookupPubByTopicResp msg
2023-02-14 00:10:57,472 - DiscoveryAppln - DEBUG - DiscoveryMW::send_topic_publishers - build the outer DiscoveryResp message
2023-02-14 00:10:57,472 - DiscoveryAppln - DEBUG - DiscoveryMW::send_topic_publishers - done building the outer message
2023-02-14 00:11:07,492 - DiscoveryAppln - INFO - DiscoveryMW::handle_reply
2023-02-14 00:11:07,493 - DiscoveryAppln - INFO - DiscoveryAppln::isready_request
2023-02-14 00:11:07,493 - DiscoveryAppln - INFO - DiscoveryMW::send_is_ready
2023-02-14 00:11:07,493 - DiscoveryAppln - DEBUG - DiscoveryMW::send_is_ready - populate the nested IsReady msg
2023-02-14 00:11:07,493 - DiscoveryAppln - DEBUG - DiscoveryMW::send_is_ready - done populating nested IsReady msg
2023-02-14 00:11:07,493 - DiscoveryAppln - DEBUG - DiscoveryMW::send_is_ready - build the outer DiscoveryResp message
2023-02-14 00:11:07,493 - DiscoveryAppln - DEBUG - DiscoveryMW::send_is_ready - done building the outer message
2023-02-14 00:11:07,494 - DiscoveryAppln - INFO - DiscoveryMW::send_is_ready - request sent and now wait for reply
2023-02-14 00:11:07,494 - DiscoveryAppln - INFO - DiscoveryMW::handle_reply
2023-02-14 00:11:07,494 - DiscoveryAppln - INFO - DiscoveryAppln::isready_request
2023-02-14 00:11:07,494 - DiscoveryAppln - INFO - DiscoveryMW::send_is_ready
2023-02-14 00:11:07,494 - DiscoveryAppln - DEBUG - DiscoveryMW::send_is_ready - populate the nested IsReady msg
2023-02-14 00:11:07,494 - DiscoveryAppln - DEBUG - DiscoveryMW::send_is_ready - done populating nested IsReady msg
2023-02-14 00:11:07,494 - DiscoveryAppln - DEBUG - DiscoveryMW::send_is_ready - build the outer DiscoveryResp message
2023-02-14 00:11:07,494 - DiscoveryAppln - DEBUG - DiscoveryMW::send_is_ready - done building the outer message
2023-02-14 00:11:07,494 - DiscoveryAppln - INFO - DiscoveryMW::send_is_ready - request sent and now wait for reply
2023-02-14 00:11:07,494 - DiscoveryAppln - INFO - DiscoveryMW::handle_reply
2023-02-14 00:11:07,494 - DiscoveryAppln - INFO - DiscoveryAppln::isready_request
2023-02-14 00:11:07,494 - DiscoveryAppln - INFO - DiscoveryMW::send_is_ready
2023-02-14 00:11:07,494 - DiscoveryAppln - DEBUG - DiscoveryMW::send_is_ready - populate the nested IsReady msg
2023-02-14 00:11:07,494 - DiscoveryAppln - DEBUG - DiscoveryMW::send_is_ready - done populating nested IsReady msg
2023-02-14 00:11:07,494 - DiscoveryAppln - DEBUG - DiscoveryMW::send_is_ready - build the outer DiscoveryResp message
2023-02-14 00:11:07,494 - DiscoveryAppln - DEBUG - DiscoveryMW::send_is_ready - done building the outer message
2023-02-14 00:11:07,494 - DiscoveryAppln - INFO - DiscoveryMW::send_is_ready - request sent and now wait for reply
2023-02-14 00:11:07,494 - DiscoveryAppln - INFO - DiscoveryMW::handle_reply
2023-02-14 00:11:07,494 - DiscoveryAppln - INFO - DiscoveryAppln::isready_request
2023-02-14 00:11:07,494 - DiscoveryAppln - INFO - DiscoveryMW::send_is_ready
2023-02-14 00:11:07,494 - DiscoveryAppln - DEBUG - DiscoveryMW::send_is_ready - populate the nested IsReady msg
2023-02-14 00:11:07,494 - DiscoveryAppln - DEBUG - DiscoveryMW::send_is_ready - done populating nested IsReady msg
2023-02-14 00:11:07,494 - DiscoveryAppln - DEBUG - DiscoveryMW::send_is_ready - build the outer DiscoveryResp message
2023-02-14 00:11:07,494 - DiscoveryAppln - DEBUG - DiscoveryMW::send_is_ready - done building the outer message
2023-02-14 00:11:07,495 - DiscoveryAppln - INFO - DiscoveryMW::send_is_ready - request sent and now wait for reply
2023-02-14 00:11:07,495 - DiscoveryAppln - INFO - DiscoveryMW::handle_reply
2023-02-14 00:11:07,495 - DiscoveryAppln - INFO - DiscoveryAppln::isready_request
2023-02-14 00:11:07,495 - DiscoveryAppln - INFO - DiscoveryMW::send_is_ready
2023-02-14 00:11:07,495 - DiscoveryAppln - DEBUG - DiscoveryMW::send_is_ready - populate the nested IsReady msg
2023-02-14 00:11:07,495 - DiscoveryAppln - DEBUG - DiscoveryMW::send_is_ready - done populating nested IsReady msg
2023-02-14 00:11:07,495 - DiscoveryAppln - DEBUG - DiscoveryMW::send_is_ready - build the outer DiscoveryResp message
2023-02-14 00:11:07,495 - DiscoveryAppln - DEBUG - DiscoveryMW::send_is_ready - done building the outer message
2023-02-14 00:11:07,495 - DiscoveryAppln - INFO - DiscoveryMW::send_is_ready - request sent and now wait for reply
2023-02-14 00:11:07,495 - DiscoveryAppln - INFO - DiscoveryMW::handle_reply
2023-02-14 00:11:07,495 - DiscoveryAppln - INFO - DiscoveryAppln::isready_request
2023-02-14 00:11:07,495 - DiscoveryAppln - INFO - DiscoveryMW::send_is_ready
2023-02-14 00:11:07,495 - DiscoveryAppln - DEBUG - DiscoveryMW::send_is_ready - populate the nested IsReady msg
2023-02-14 00:11:07,495 - DiscoveryAppln - DEBUG - DiscoveryMW::send_is_ready - done populating nested IsReady msg
2023-02-14 00:11:07,495 - DiscoveryAppln - DEBUG - DiscoveryMW::send_is_ready - build the outer DiscoveryResp message
2023-02-14 00:11:07,495 - DiscoveryAppln - DEBUG - DiscoveryMW::send_is_ready - done building the outer message
2023-02-14 00:11:07,495 - DiscoveryAppln - INFO - DiscoveryMW::send_is_ready - request sent and now wait for reply
2023-02-14 00:11:07,495 - DiscoveryAppln - INFO - DiscoveryMW::handle_reply
2023-02-14 00:11:07,495 - DiscoveryAppln - INFO - DiscoveryAppln::isready_request
2023-02-14 00:11:07,495 - DiscoveryAppln - INFO - DiscoveryMW::send_is_ready
2023-02-14 00:11:07,495 - DiscoveryAppln - DEBUG - DiscoveryMW::send_is_ready - populate the nested IsReady msg
2023-02-14 00:11:07,495 - DiscoveryAppln - DEBUG - DiscoveryMW::send_is_ready - done populating nested IsReady msg
2023-02-14 00:11:07,495 - DiscoveryAppln - DEBUG - DiscoveryMW::send_is_ready - build the outer DiscoveryResp message
2023-02-14 00:11:07,495 - DiscoveryAppln - DEBUG - DiscoveryMW::send_is_ready - done building the outer message
2023-02-14 00:11:07,496 - DiscoveryAppln - INFO - DiscoveryMW::send_is_ready - request sent and now wait for reply
2023-02-14 00:11:07,496 - DiscoveryAppln - INFO - DiscoveryMW::handle_reply
2023-02-14 00:11:07,497 - DiscoveryAppln - INFO - DiscoveryAppln::lookup_by_topic_request
2023-02-14 00:11:07,497 - DiscoveryAppln - INFO - DiscoveryMW::send_topic_publishers
2023-02-14 00:11:07,497 - DiscoveryAppln - DEBUG - DiscoveryMW::send_topic_publishers - populate the nested LookupPubByTopicResp msg
2023-02-14 00:11:07,497 - DiscoveryAppln - DEBUG - tcp://10.0.0.2:5577
2023-02-14 00:11:07,497 - DiscoveryAppln - DEBUG - tcp://10.0.0.4:5577
2023-02-14 00:11:07,497 - DiscoveryAppln - DEBUG - tcp://10.0.0.5:5577
2023-02-14 00:11:07,497 - DiscoveryAppln - DEBUG - tcp://10.0.0.3:5577
2023-02-14 00:11:07,497 - DiscoveryAppln - DEBUG - DiscoveryMW::send_topic_publishers - done prepping message publishers
2023-02-14 00:11:07,497 - DiscoveryAppln - DEBUG - DiscoveryMW::send_topic_publishers - done populating nested LookupPubByTopicResp msg
2023-02-14 00:11:07,497 - DiscoveryAppln - DEBUG - DiscoveryMW::send_topic_publishers - build the outer DiscoveryResp message
2023-02-14 00:11:07,497 - DiscoveryAppln - DEBUG - DiscoveryMW::send_topic_publishers - done building the outer message
2023-02-14 00:11:07,501 - DiscoveryAppln - INFO - DiscoveryMW::handle_reply
2023-02-14 00:11:07,502 - DiscoveryAppln - INFO - DiscoveryAppln::lookup_by_topic_request
2023-02-14 00:11:07,502 - DiscoveryAppln - INFO - DiscoveryMW::send_topic_publishers
2023-02-14 00:11:07,502 - DiscoveryAppln - DEBUG - DiscoveryMW::send_topic_publishers - populate the nested LookupPubByTopicResp msg
2023-02-14 00:11:07,502 - DiscoveryAppln - DEBUG - tcp://10.0.0.2:5577
2023-02-14 00:11:07,502 - DiscoveryAppln - DEBUG - tcp://10.0.0.4:5577
2023-02-14 00:11:07,502 - DiscoveryAppln - DEBUG - tcp://10.0.0.5:5577
2023-02-14 00:11:07,502 - DiscoveryAppln - DEBUG - tcp://10.0.0.3:5577
2023-02-14 00:11:07,502 - DiscoveryAppln - DEBUG - DiscoveryMW::send_topic_publishers - done prepping message publishers
2023-02-14 00:11:07,502 - DiscoveryAppln - DEBUG - DiscoveryMW::send_topic_publishers - done populating nested LookupPubByTopicResp msg
2023-02-14 00:11:07,502 - DiscoveryAppln - DEBUG - DiscoveryMW::send_topic_publishers - build the outer DiscoveryResp message
2023-02-14 00:11:07,502 - DiscoveryAppln - DEBUG - DiscoveryMW::send_topic_publishers - done building the outer message
2023-02-14 00:11:07,502 - DiscoveryAppln - INFO - DiscoveryMW::handle_reply
2023-02-14 00:11:07,502 - DiscoveryAppln - INFO - DiscoveryAppln::lookup_by_topic_request
2023-02-14 00:11:07,502 - DiscoveryAppln - INFO - DiscoveryMW::send_topic_publishers
2023-02-14 00:11:07,502 - DiscoveryAppln - DEBUG - DiscoveryMW::send_topic_publishers - populate the nested LookupPubByTopicResp msg
2023-02-14 00:11:07,503 - DiscoveryAppln - DEBUG - tcp://10.0.0.2:5577
2023-02-14 00:11:07,503 - DiscoveryAppln - DEBUG - tcp://10.0.0.4:5577
2023-02-14 00:11:07,503 - DiscoveryAppln - DEBUG - tcp://10.0.0.5:5577
2023-02-14 00:11:07,503 - DiscoveryAppln - DEBUG - tcp://10.0.0.3:5577
2023-02-14 00:11:07,503 - DiscoveryAppln - DEBUG - DiscoveryMW::send_topic_publishers - done prepping message publishers
2023-02-14 00:11:07,503 - DiscoveryAppln - DEBUG - DiscoveryMW::send_topic_publishers - done populating nested LookupPubByTopicResp msg
2023-02-14 00:11:07,503 - DiscoveryAppln - DEBUG - DiscoveryMW::send_topic_publishers - build the outer DiscoveryResp message
2023-02-14 00:11:07,503 - DiscoveryAppln - DEBUG - DiscoveryMW::send_topic_publishers - done building the outer message
