2023-02-14 01:29:23,358 - root - INFO - Main - acquire a child logger and then log messages in the child
2023-02-14 01:29:23,358 - DiscoveryAppln - DEBUG - Main: parse command line arguments
2023-02-14 01:29:23,359 - DiscoveryAppln - DEBUG - Main: resetting log level to 10
2023-02-14 01:29:23,359 - DiscoveryAppln - DEBUG - Main: effective log level is 10
2023-02-14 01:29:23,359 - DiscoveryAppln - DEBUG - Main: obtain the publisher appln object
2023-02-14 01:29:23,359 - DiscoveryAppln - DEBUG - Main: configure the publisher appln object
2023-02-14 01:29:23,359 - DiscoveryAppln - INFO - DiscoveryAppln::configure
2023-02-14 01:29:23,359 - DiscoveryAppln - DEBUG - DiscoveryAppln::configure - parsing config.ini
2023-02-14 01:29:23,360 - DiscoveryAppln - DEBUG - DiscoveryAppln::configure - selecting our topic list
2023-02-14 01:29:23,360 - DiscoveryAppln - DEBUG - DiscoveryAppln::configure - initialize the middleware object
2023-02-14 01:29:23,360 - DiscoveryAppln - INFO - DiscoveryMW::configure
2023-02-14 01:29:23,360 - DiscoveryAppln - DEBUG - DiscoveryMW::configure - obtain ZMQ context
2023-02-14 01:29:23,907 - DiscoveryAppln - DEBUG - DiscoveryMW::configure - obtain the poller
2023-02-14 01:29:23,916 - DiscoveryAppln - DEBUG - DiscoveryMW::configure - obtain REP sockets
2023-02-14 01:29:23,916 - DiscoveryAppln - DEBUG - DiscoveryMW::configure - register the REP socket for incoming replies
2023-02-14 01:29:23,916 - DiscoveryAppln - INFO - DiscoveryMW::configure completed
2023-02-14 01:29:23,917 - DiscoveryAppln - INFO - DiscoveryAppln::configure - configuration complete
2023-02-14 01:29:23,917 - DiscoveryAppln - DEBUG - Main: invoke the publisher appln driver
2023-02-14 01:29:23,917 - DiscoveryAppln - INFO - DiscoveryAppln::driver
2023-02-14 01:29:23,917 - DiscoveryAppln - INFO - **********************************
2023-02-14 01:29:23,917 - DiscoveryAppln - INFO - DiscoveryAppln::dump
2023-02-14 01:29:23,917 - DiscoveryAppln - INFO - ------------------------------
2023-02-14 01:29:23,917 - DiscoveryAppln - INFO -      Name: disc
2023-02-14 01:29:23,917 - DiscoveryAppln - INFO -      Lookup: Centralized
2023-02-14 01:29:23,917 - DiscoveryAppln - INFO -      Num Topics: 1
2023-02-14 01:29:23,917 - DiscoveryAppln - INFO -      Iterations: 1000
2023-02-14 01:29:23,917 - DiscoveryAppln - INFO -      Frequency: 1
2023-02-14 01:29:23,917 - DiscoveryAppln - INFO - **********************************
2023-02-14 01:29:23,917 - DiscoveryAppln - DEBUG - DiscoveryAppln::driver - upcall handle
2023-02-14 01:29:23,917 - DiscoveryAppln - INFO - DiscoveryMW::event_loop - run the event loop
2023-02-14 01:29:24,097 - DiscoveryAppln - INFO - DiscoveryMW::handle_reply
2023-02-14 01:29:24,099 - DiscoveryAppln - INFO - DiscoveryAppln::register_request
2023-02-14 01:29:24,100 - DiscoveryAppln - INFO - DiscoveryMW::send_register_status
2023-02-14 01:29:24,100 - DiscoveryAppln - DEBUG - DiscoveryMW::send_register_status - populate the nested Register Response msg
2023-02-14 01:29:24,100 - DiscoveryAppln - DEBUG - DiscoveryMW::send_register_status - done populating nested Register Response msg
2023-02-14 01:29:24,100 - DiscoveryAppln - DEBUG - DiscoveryMW::send_register_status - build the outer Register Response message
2023-02-14 01:29:24,100 - DiscoveryAppln - DEBUG - DiscoveryMW::send_register_status - done building the outer message
2023-02-14 01:29:24,100 - DiscoveryAppln - INFO - DiscoveryMW::handle_reply
2023-02-14 01:29:24,105 - DiscoveryAppln - INFO - DiscoveryAppln::register_request
2023-02-14 01:29:24,105 - DiscoveryAppln - INFO - DiscoveryMW::send_register_status
2023-02-14 01:29:24,105 - DiscoveryAppln - DEBUG - DiscoveryMW::send_register_status - populate the nested Register Response msg
2023-02-14 01:29:24,105 - DiscoveryAppln - DEBUG - DiscoveryMW::send_register_status - done populating nested Register Response msg
2023-02-14 01:29:24,105 - DiscoveryAppln - DEBUG - DiscoveryMW::send_register_status - build the outer Register Response message
2023-02-14 01:29:24,105 - DiscoveryAppln - DEBUG - DiscoveryMW::send_register_status - done building the outer message
2023-02-14 01:29:24,105 - DiscoveryAppln - INFO - DiscoveryMW::handle_reply
2023-02-14 01:29:24,105 - DiscoveryAppln - INFO - DiscoveryAppln::register_request
2023-02-14 01:29:24,105 - DiscoveryAppln - INFO - DiscoveryMW::send_register_status
2023-02-14 01:29:24,105 - DiscoveryAppln - DEBUG - DiscoveryMW::send_register_status - populate the nested Register Response msg
2023-02-14 01:29:24,105 - DiscoveryAppln - DEBUG - DiscoveryMW::send_register_status - done populating nested Register Response msg
2023-02-14 01:29:24,105 - DiscoveryAppln - DEBUG - DiscoveryMW::send_register_status - build the outer Register Response message
2023-02-14 01:29:24,105 - DiscoveryAppln - DEBUG - DiscoveryMW::send_register_status - done building the outer message
2023-02-14 01:29:24,117 - DiscoveryAppln - INFO - DiscoveryMW::handle_reply
2023-02-14 01:29:24,117 - DiscoveryAppln - INFO - DiscoveryAppln::register_request
2023-02-14 01:29:24,117 - DiscoveryAppln - INFO - DiscoveryMW::send_register_status
2023-02-14 01:29:24,117 - DiscoveryAppln - DEBUG - DiscoveryMW::send_register_status - populate the nested Register Response msg
2023-02-14 01:29:24,117 - DiscoveryAppln - DEBUG - DiscoveryMW::send_register_status - done populating nested Register Response msg
2023-02-14 01:29:24,117 - DiscoveryAppln - DEBUG - DiscoveryMW::send_register_status - build the outer Register Response message
2023-02-14 01:29:24,117 - DiscoveryAppln - DEBUG - DiscoveryMW::send_register_status - done building the outer message
2023-02-14 01:29:24,117 - DiscoveryAppln - INFO - DiscoveryMW::handle_reply
2023-02-14 01:29:24,120 - DiscoveryAppln - INFO - DiscoveryAppln::register_request
2023-02-14 01:29:24,121 - DiscoveryAppln - INFO - DiscoveryMW::send_register_status
2023-02-14 01:29:24,121 - DiscoveryAppln - DEBUG - DiscoveryMW::send_register_status - populate the nested Register Response msg
2023-02-14 01:29:24,121 - DiscoveryAppln - DEBUG - DiscoveryMW::send_register_status - done populating nested Register Response msg
2023-02-14 01:29:24,121 - DiscoveryAppln - DEBUG - DiscoveryMW::send_register_status - build the outer Register Response message
2023-02-14 01:29:24,121 - DiscoveryAppln - DEBUG - DiscoveryMW::send_register_status - done building the outer message
2023-02-14 01:29:24,121 - DiscoveryAppln - INFO - DiscoveryMW::handle_reply
2023-02-14 01:29:24,121 - DiscoveryAppln - INFO - DiscoveryAppln::isready_request
2023-02-14 01:29:24,121 - DiscoveryAppln - INFO - DiscoveryMW::send_is_ready
2023-02-14 01:29:24,121 - DiscoveryAppln - DEBUG - DiscoveryMW::send_is_ready - populate the nested IsReady msg
2023-02-14 01:29:24,121 - DiscoveryAppln - DEBUG - DiscoveryMW::send_is_ready - done populating nested IsReady msg
2023-02-14 01:29:24,121 - DiscoveryAppln - DEBUG - DiscoveryMW::send_is_ready - build the outer DiscoveryResp message
2023-02-14 01:29:24,121 - DiscoveryAppln - DEBUG - DiscoveryMW::send_is_ready - done building the outer message
2023-02-14 01:29:24,121 - DiscoveryAppln - INFO - DiscoveryMW::send_is_ready - request sent and now wait for reply
2023-02-14 01:29:24,121 - DiscoveryAppln - INFO - DiscoveryMW::handle_reply
2023-02-14 01:29:24,121 - DiscoveryAppln - INFO - DiscoveryAppln::isready_request
2023-02-14 01:29:24,121 - DiscoveryAppln - INFO - DiscoveryMW::send_is_ready
2023-02-14 01:29:24,121 - DiscoveryAppln - DEBUG - DiscoveryMW::send_is_ready - populate the nested IsReady msg
2023-02-14 01:29:24,121 - DiscoveryAppln - DEBUG - DiscoveryMW::send_is_ready - done populating nested IsReady msg
2023-02-14 01:29:24,121 - DiscoveryAppln - DEBUG - DiscoveryMW::send_is_ready - build the outer DiscoveryResp message
2023-02-14 01:29:24,121 - DiscoveryAppln - DEBUG - DiscoveryMW::send_is_ready - done building the outer message
2023-02-14 01:29:24,121 - DiscoveryAppln - INFO - DiscoveryMW::send_is_ready - request sent and now wait for reply
2023-02-14 01:29:24,121 - DiscoveryAppln - INFO - DiscoveryMW::handle_reply
2023-02-14 01:29:24,121 - DiscoveryAppln - INFO - DiscoveryAppln::isready_request
2023-02-14 01:29:24,121 - DiscoveryAppln - INFO - DiscoveryMW::send_is_ready
2023-02-14 01:29:24,121 - DiscoveryAppln - DEBUG - DiscoveryMW::send_is_ready - populate the nested IsReady msg
2023-02-14 01:29:24,121 - DiscoveryAppln - DEBUG - DiscoveryMW::send_is_ready - done populating nested IsReady msg
2023-02-14 01:29:24,121 - DiscoveryAppln - DEBUG - DiscoveryMW::send_is_ready - build the outer DiscoveryResp message
2023-02-14 01:29:24,121 - DiscoveryAppln - DEBUG - DiscoveryMW::send_is_ready - done building the outer message
2023-02-14 01:29:24,121 - DiscoveryAppln - INFO - DiscoveryMW::send_is_ready - request sent and now wait for reply
2023-02-14 01:29:24,121 - DiscoveryAppln - INFO - DiscoveryMW::handle_reply
2023-02-14 01:29:24,121 - DiscoveryAppln - INFO - DiscoveryAppln::isready_request
2023-02-14 01:29:24,121 - DiscoveryAppln - INFO - DiscoveryMW::send_is_ready
2023-02-14 01:29:24,121 - DiscoveryAppln - DEBUG - DiscoveryMW::send_is_ready - populate the nested IsReady msg
2023-02-14 01:29:24,121 - DiscoveryAppln - DEBUG - DiscoveryMW::send_is_ready - done populating nested IsReady msg
2023-02-14 01:29:24,121 - DiscoveryAppln - DEBUG - DiscoveryMW::send_is_ready - build the outer DiscoveryResp message
2023-02-14 01:29:24,121 - DiscoveryAppln - DEBUG - DiscoveryMW::send_is_ready - done building the outer message
2023-02-14 01:29:24,122 - DiscoveryAppln - INFO - DiscoveryMW::send_is_ready - request sent and now wait for reply
2023-02-14 01:29:24,145 - DiscoveryAppln - INFO - DiscoveryMW::handle_reply
2023-02-14 01:29:24,148 - DiscoveryAppln - INFO - DiscoveryAppln::isready_request
2023-02-14 01:29:24,149 - DiscoveryAppln - INFO - DiscoveryMW::send_is_ready
2023-02-14 01:29:24,149 - DiscoveryAppln - DEBUG - DiscoveryMW::send_is_ready - populate the nested IsReady msg
2023-02-14 01:29:24,149 - DiscoveryAppln - DEBUG - DiscoveryMW::send_is_ready - done populating nested IsReady msg
2023-02-14 01:29:24,150 - DiscoveryAppln - DEBUG - DiscoveryMW::send_is_ready - build the outer DiscoveryResp message
2023-02-14 01:29:24,150 - DiscoveryAppln - DEBUG - DiscoveryMW::send_is_ready - done building the outer message
2023-02-14 01:29:24,150 - DiscoveryAppln - INFO - DiscoveryMW::send_is_ready - request sent and now wait for reply
2023-02-14 01:29:24,151 - DiscoveryAppln - INFO - DiscoveryMW::handle_reply
2023-02-14 01:29:24,151 - DiscoveryAppln - INFO - DiscoveryAppln::register_request
2023-02-14 01:29:24,151 - DiscoveryAppln - INFO - DiscoveryMW::send_register_status
2023-02-14 01:29:24,151 - DiscoveryAppln - DEBUG - DiscoveryMW::send_register_status - populate the nested Register Response msg
2023-02-14 01:29:24,151 - DiscoveryAppln - DEBUG - DiscoveryMW::send_register_status - done populating nested Register Response msg
2023-02-14 01:29:24,151 - DiscoveryAppln - DEBUG - DiscoveryMW::send_register_status - build the outer Register Response message
2023-02-14 01:29:24,151 - DiscoveryAppln - DEBUG - DiscoveryMW::send_register_status - done building the outer message
2023-02-14 01:29:24,151 - DiscoveryAppln - INFO - DiscoveryMW::handle_reply
2023-02-14 01:29:24,151 - DiscoveryAppln - INFO - DiscoveryAppln::register_request
2023-02-14 01:29:24,151 - DiscoveryAppln - INFO - DiscoveryMW::send_register_status
2023-02-14 01:29:24,151 - DiscoveryAppln - DEBUG - DiscoveryMW::send_register_status - populate the nested Register Response msg
2023-02-14 01:29:24,151 - DiscoveryAppln - DEBUG - DiscoveryMW::send_register_status - done populating nested Register Response msg
2023-02-14 01:29:24,151 - DiscoveryAppln - DEBUG - DiscoveryMW::send_register_status - build the outer Register Response message
2023-02-14 01:29:24,151 - DiscoveryAppln - DEBUG - DiscoveryMW::send_register_status - done building the outer message
2023-02-14 01:29:24,158 - DiscoveryAppln - INFO - DiscoveryMW::handle_reply
2023-02-14 01:29:24,158 - DiscoveryAppln - INFO - DiscoveryAppln::isready_request
2023-02-14 01:29:24,158 - DiscoveryAppln - INFO - DiscoveryMW::send_is_ready
2023-02-14 01:29:24,158 - DiscoveryAppln - DEBUG - DiscoveryMW::send_is_ready - populate the nested IsReady msg
2023-02-14 01:29:24,158 - DiscoveryAppln - DEBUG - DiscoveryMW::send_is_ready - done populating nested IsReady msg
2023-02-14 01:29:24,158 - DiscoveryAppln - DEBUG - DiscoveryMW::send_is_ready - build the outer DiscoveryResp message
2023-02-14 01:29:24,158 - DiscoveryAppln - DEBUG - DiscoveryMW::send_is_ready - done building the outer message
2023-02-14 01:29:24,158 - DiscoveryAppln - INFO - DiscoveryMW::send_is_ready - request sent and now wait for reply
2023-02-14 01:29:24,158 - DiscoveryAppln - INFO - DiscoveryMW::handle_reply
2023-02-14 01:29:24,158 - DiscoveryAppln - INFO - DiscoveryAppln::isready_request
2023-02-14 01:29:24,158 - DiscoveryAppln - INFO - DiscoveryMW::send_is_ready
2023-02-14 01:29:24,158 - DiscoveryAppln - DEBUG - DiscoveryMW::send_is_ready - populate the nested IsReady msg
2023-02-14 01:29:24,158 - DiscoveryAppln - DEBUG - DiscoveryMW::send_is_ready - done populating nested IsReady msg
2023-02-14 01:29:24,158 - DiscoveryAppln - DEBUG - DiscoveryMW::send_is_ready - build the outer DiscoveryResp message
2023-02-14 01:29:24,158 - DiscoveryAppln - DEBUG - DiscoveryMW::send_is_ready - done building the outer message
2023-02-14 01:29:24,158 - DiscoveryAppln - INFO - DiscoveryMW::send_is_ready - request sent and now wait for reply
2023-02-14 01:29:24,165 - DiscoveryAppln - INFO - DiscoveryMW::handle_reply
2023-02-14 01:29:24,165 - DiscoveryAppln - INFO - DiscoveryAppln::register_request
2023-02-14 01:29:24,165 - DiscoveryAppln - INFO - DiscoveryMW::send_register_status
2023-02-14 01:29:24,165 - DiscoveryAppln - DEBUG - DiscoveryMW::send_register_status - populate the nested Register Response msg
2023-02-14 01:29:24,165 - DiscoveryAppln - DEBUG - DiscoveryMW::send_register_status - done populating nested Register Response msg
2023-02-14 01:29:24,165 - DiscoveryAppln - DEBUG - DiscoveryMW::send_register_status - build the outer Register Response message
2023-02-14 01:29:24,165 - DiscoveryAppln - DEBUG - DiscoveryMW::send_register_status - done building the outer message
2023-02-14 01:29:24,184 - DiscoveryAppln - INFO - DiscoveryMW::handle_reply
2023-02-14 01:29:24,184 - DiscoveryAppln - INFO - DiscoveryAppln::isready_request
2023-02-14 01:29:24,184 - DiscoveryAppln - INFO - DiscoveryMW::send_is_ready
2023-02-14 01:29:24,184 - DiscoveryAppln - DEBUG - DiscoveryMW::send_is_ready - populate the nested IsReady msg
2023-02-14 01:29:24,184 - DiscoveryAppln - DEBUG - DiscoveryMW::send_is_ready - done populating nested IsReady msg
2023-02-14 01:29:24,184 - DiscoveryAppln - DEBUG - DiscoveryMW::send_is_ready - build the outer DiscoveryResp message
2023-02-14 01:29:24,184 - DiscoveryAppln - DEBUG - DiscoveryMW::send_is_ready - done building the outer message
2023-02-14 01:29:24,185 - DiscoveryAppln - INFO - DiscoveryMW::send_is_ready - request sent and now wait for reply
2023-02-14 01:29:24,246 - DiscoveryAppln - INFO - DiscoveryMW::handle_reply
2023-02-14 01:29:24,246 - DiscoveryAppln - INFO - DiscoveryAppln::register_request
2023-02-14 01:29:24,246 - DiscoveryAppln - INFO - DiscoveryMW::send_register_status
2023-02-14 01:29:24,247 - DiscoveryAppln - DEBUG - DiscoveryMW::send_register_status - populate the nested Register Response msg
2023-02-14 01:29:24,247 - DiscoveryAppln - DEBUG - DiscoveryMW::send_register_status - done populating nested Register Response msg
2023-02-14 01:29:24,247 - DiscoveryAppln - DEBUG - DiscoveryMW::send_register_status - build the outer Register Response message
2023-02-14 01:29:24,247 - DiscoveryAppln - DEBUG - DiscoveryMW::send_register_status - done building the outer message
2023-02-14 01:29:24,248 - DiscoveryAppln - INFO - DiscoveryMW::handle_reply
2023-02-14 01:29:24,248 - DiscoveryAppln - INFO - DiscoveryAppln::isready_request
2023-02-14 01:29:24,248 - DiscoveryAppln - INFO - DiscoveryMW::send_is_ready
2023-02-14 01:29:24,248 - DiscoveryAppln - DEBUG - DiscoveryMW::send_is_ready - populate the nested IsReady msg
2023-02-14 01:29:24,248 - DiscoveryAppln - DEBUG - DiscoveryMW::send_is_ready - done populating nested IsReady msg
2023-02-14 01:29:24,248 - DiscoveryAppln - DEBUG - DiscoveryMW::send_is_ready - build the outer DiscoveryResp message
2023-02-14 01:29:24,248 - DiscoveryAppln - DEBUG - DiscoveryMW::send_is_ready - done building the outer message
2023-02-14 01:29:24,248 - DiscoveryAppln - INFO - DiscoveryMW::send_is_ready - request sent and now wait for reply
2023-02-14 01:29:24,249 - DiscoveryAppln - INFO - DiscoveryMW::handle_reply
2023-02-14 01:29:24,249 - DiscoveryAppln - INFO - DiscoveryAppln::lookup_by_topic_request
2023-02-14 01:29:24,249 - DiscoveryAppln - INFO - DiscoveryMW::send_topic_publishers
2023-02-14 01:29:24,249 - DiscoveryAppln - DEBUG - DiscoveryMW::send_topic_publishers - populate the nested LookupPubByTopicResp msg
2023-02-14 01:29:24,249 - DiscoveryAppln - DEBUG - tcp://10.0.0.2:5577
2023-02-14 01:29:24,249 - DiscoveryAppln - DEBUG - tcp://10.0.0.4:5577
2023-02-14 01:29:24,249 - DiscoveryAppln - DEBUG - tcp://10.0.0.3:5577
2023-02-14 01:29:24,249 - DiscoveryAppln - DEBUG - tcp://10.0.0.5:5577
2023-02-14 01:29:24,250 - DiscoveryAppln - DEBUG - DiscoveryMW::send_topic_publishers - done prepping message publishers
2023-02-14 01:29:24,250 - DiscoveryAppln - DEBUG - DiscoveryMW::send_topic_publishers - done populating nested LookupPubByTopicResp msg
2023-02-14 01:29:24,250 - DiscoveryAppln - DEBUG - DiscoveryMW::send_topic_publishers - build the outer DiscoveryResp message
2023-02-14 01:29:24,250 - DiscoveryAppln - DEBUG - DiscoveryMW::send_topic_publishers - done building the outer message
2023-02-14 01:29:35,021 - DiscoveryAppln - INFO - DiscoveryMW::handle_reply
2023-02-14 01:29:35,022 - DiscoveryAppln - INFO - DiscoveryAppln::isready_request
2023-02-14 01:29:35,022 - DiscoveryAppln - INFO - DiscoveryMW::send_is_ready
2023-02-14 01:29:35,022 - DiscoveryAppln - DEBUG - DiscoveryMW::send_is_ready - populate the nested IsReady msg
2023-02-14 01:29:35,022 - DiscoveryAppln - DEBUG - DiscoveryMW::send_is_ready - done populating nested IsReady msg
2023-02-14 01:29:35,023 - DiscoveryAppln - DEBUG - DiscoveryMW::send_is_ready - build the outer DiscoveryResp message
2023-02-14 01:29:35,023 - DiscoveryAppln - DEBUG - DiscoveryMW::send_is_ready - done building the outer message
2023-02-14 01:29:35,029 - DiscoveryAppln - INFO - DiscoveryMW::send_is_ready - request sent and now wait for reply
2023-02-14 01:29:35,029 - DiscoveryAppln - INFO - DiscoveryMW::handle_reply
2023-02-14 01:29:35,029 - DiscoveryAppln - INFO - DiscoveryAppln::isready_request
2023-02-14 01:29:35,029 - DiscoveryAppln - INFO - DiscoveryMW::send_is_ready
2023-02-14 01:29:35,029 - DiscoveryAppln - DEBUG - DiscoveryMW::send_is_ready - populate the nested IsReady msg
2023-02-14 01:29:35,029 - DiscoveryAppln - DEBUG - DiscoveryMW::send_is_ready - done populating nested IsReady msg
2023-02-14 01:29:35,029 - DiscoveryAppln - DEBUG - DiscoveryMW::send_is_ready - build the outer DiscoveryResp message
2023-02-14 01:29:35,029 - DiscoveryAppln - DEBUG - DiscoveryMW::send_is_ready - done building the outer message
2023-02-14 01:29:35,030 - DiscoveryAppln - INFO - DiscoveryMW::send_is_ready - request sent and now wait for reply
2023-02-14 01:29:35,030 - DiscoveryAppln - INFO - DiscoveryMW::handle_reply
2023-02-14 01:29:35,030 - DiscoveryAppln - INFO - DiscoveryAppln::isready_request
2023-02-14 01:29:35,030 - DiscoveryAppln - INFO - DiscoveryMW::send_is_ready
2023-02-14 01:29:35,031 - DiscoveryAppln - DEBUG - DiscoveryMW::send_is_ready - populate the nested IsReady msg
2023-02-14 01:29:35,031 - DiscoveryAppln - DEBUG - DiscoveryMW::send_is_ready - done populating nested IsReady msg
2023-02-14 01:29:35,031 - DiscoveryAppln - DEBUG - DiscoveryMW::send_is_ready - build the outer DiscoveryResp message
2023-02-14 01:29:35,031 - DiscoveryAppln - DEBUG - DiscoveryMW::send_is_ready - done building the outer message
2023-02-14 01:29:35,032 - DiscoveryAppln - INFO - DiscoveryMW::send_is_ready - request sent and now wait for reply
2023-02-14 01:29:35,032 - DiscoveryAppln - INFO - DiscoveryMW::handle_reply
2023-02-14 01:29:35,032 - DiscoveryAppln - INFO - DiscoveryAppln::isready_request
2023-02-14 01:29:35,032 - DiscoveryAppln - INFO - DiscoveryMW::send_is_ready
2023-02-14 01:29:35,032 - DiscoveryAppln - DEBUG - DiscoveryMW::send_is_ready - populate the nested IsReady msg
2023-02-14 01:29:35,032 - DiscoveryAppln - DEBUG - DiscoveryMW::send_is_ready - done populating nested IsReady msg
2023-02-14 01:29:35,032 - DiscoveryAppln - DEBUG - DiscoveryMW::send_is_ready - build the outer DiscoveryResp message
2023-02-14 01:29:35,032 - DiscoveryAppln - DEBUG - DiscoveryMW::send_is_ready - done building the outer message
2023-02-14 01:29:35,032 - DiscoveryAppln - INFO - DiscoveryMW::send_is_ready - request sent and now wait for reply
2023-02-14 01:29:35,032 - DiscoveryAppln - INFO - DiscoveryMW::handle_reply
2023-02-14 01:29:35,032 - DiscoveryAppln - INFO - DiscoveryAppln::isready_request
2023-02-14 01:29:35,032 - DiscoveryAppln - INFO - DiscoveryMW::send_is_ready
2023-02-14 01:29:35,032 - DiscoveryAppln - DEBUG - DiscoveryMW::send_is_ready - populate the nested IsReady msg
2023-02-14 01:29:35,032 - DiscoveryAppln - DEBUG - DiscoveryMW::send_is_ready - done populating nested IsReady msg
2023-02-14 01:29:35,032 - DiscoveryAppln - DEBUG - DiscoveryMW::send_is_ready - build the outer DiscoveryResp message
2023-02-14 01:29:35,032 - DiscoveryAppln - DEBUG - DiscoveryMW::send_is_ready - done building the outer message
2023-02-14 01:29:35,032 - DiscoveryAppln - INFO - DiscoveryMW::send_is_ready - request sent and now wait for reply
2023-02-14 01:29:35,032 - DiscoveryAppln - INFO - DiscoveryMW::handle_reply
2023-02-14 01:29:35,032 - DiscoveryAppln - INFO - DiscoveryAppln::isready_request
2023-02-14 01:29:35,032 - DiscoveryAppln - INFO - DiscoveryMW::send_is_ready
2023-02-14 01:29:35,032 - DiscoveryAppln - DEBUG - DiscoveryMW::send_is_ready - populate the nested IsReady msg
2023-02-14 01:29:35,032 - DiscoveryAppln - DEBUG - DiscoveryMW::send_is_ready - done populating nested IsReady msg
2023-02-14 01:29:35,032 - DiscoveryAppln - DEBUG - DiscoveryMW::send_is_ready - build the outer DiscoveryResp message
2023-02-14 01:29:35,032 - DiscoveryAppln - DEBUG - DiscoveryMW::send_is_ready - done building the outer message
2023-02-14 01:29:35,032 - DiscoveryAppln - INFO - DiscoveryMW::send_is_ready - request sent and now wait for reply
2023-02-14 01:29:35,032 - DiscoveryAppln - INFO - DiscoveryMW::handle_reply
2023-02-14 01:29:35,032 - DiscoveryAppln - INFO - DiscoveryAppln::isready_request
2023-02-14 01:29:35,033 - DiscoveryAppln - INFO - DiscoveryMW::send_is_ready
2023-02-14 01:29:35,033 - DiscoveryAppln - DEBUG - DiscoveryMW::send_is_ready - populate the nested IsReady msg
2023-02-14 01:29:35,033 - DiscoveryAppln - DEBUG - DiscoveryMW::send_is_ready - done populating nested IsReady msg
2023-02-14 01:29:35,033 - DiscoveryAppln - DEBUG - DiscoveryMW::send_is_ready - build the outer DiscoveryResp message
2023-02-14 01:29:35,033 - DiscoveryAppln - DEBUG - DiscoveryMW::send_is_ready - done building the outer message
2023-02-14 01:29:35,033 - DiscoveryAppln - INFO - DiscoveryMW::send_is_ready - request sent and now wait for reply
2023-02-14 01:29:35,033 - DiscoveryAppln - INFO - DiscoveryMW::handle_reply
2023-02-14 01:29:35,033 - DiscoveryAppln - INFO - DiscoveryAppln::lookup_by_topic_request
2023-02-14 01:29:35,033 - DiscoveryAppln - INFO - DiscoveryMW::send_topic_publishers
2023-02-14 01:29:35,033 - DiscoveryAppln - DEBUG - DiscoveryMW::send_topic_publishers - populate the nested LookupPubByTopicResp msg
2023-02-14 01:29:35,033 - DiscoveryAppln - DEBUG - tcp://10.0.0.2:5577
2023-02-14 01:29:35,033 - DiscoveryAppln - DEBUG - tcp://10.0.0.4:5577
2023-02-14 01:29:35,033 - DiscoveryAppln - DEBUG - tcp://10.0.0.3:5577
2023-02-14 01:29:35,033 - DiscoveryAppln - DEBUG - tcp://10.0.0.5:5577
2023-02-14 01:29:35,033 - DiscoveryAppln - DEBUG - DiscoveryMW::send_topic_publishers - done prepping message publishers
2023-02-14 01:29:35,033 - DiscoveryAppln - DEBUG - DiscoveryMW::send_topic_publishers - done populating nested LookupPubByTopicResp msg
2023-02-14 01:29:35,033 - DiscoveryAppln - DEBUG - DiscoveryMW::send_topic_publishers - build the outer DiscoveryResp message
2023-02-14 01:29:35,033 - DiscoveryAppln - DEBUG - DiscoveryMW::send_topic_publishers - done building the outer message
2023-02-14 01:29:35,041 - DiscoveryAppln - INFO - DiscoveryMW::handle_reply
2023-02-14 01:29:35,041 - DiscoveryAppln - INFO - DiscoveryAppln::isready_request
2023-02-14 01:29:35,041 - DiscoveryAppln - INFO - DiscoveryMW::send_is_ready
2023-02-14 01:29:35,041 - DiscoveryAppln - DEBUG - DiscoveryMW::send_is_ready - populate the nested IsReady msg
2023-02-14 01:29:35,041 - DiscoveryAppln - DEBUG - DiscoveryMW::send_is_ready - done populating nested IsReady msg
2023-02-14 01:29:35,041 - DiscoveryAppln - DEBUG - DiscoveryMW::send_is_ready - build the outer DiscoveryResp message
2023-02-14 01:29:35,041 - DiscoveryAppln - DEBUG - DiscoveryMW::send_is_ready - done building the outer message
2023-02-14 01:29:35,041 - DiscoveryAppln - INFO - DiscoveryMW::send_is_ready - request sent and now wait for reply
2023-02-14 01:29:35,043 - DiscoveryAppln - INFO - DiscoveryMW::handle_reply
2023-02-14 01:29:35,043 - DiscoveryAppln - INFO - DiscoveryAppln::lookup_by_topic_request
2023-02-14 01:29:35,043 - DiscoveryAppln - INFO - DiscoveryMW::send_topic_publishers
2023-02-14 01:29:35,043 - DiscoveryAppln - DEBUG - DiscoveryMW::send_topic_publishers - populate the nested LookupPubByTopicResp msg
2023-02-14 01:29:35,043 - DiscoveryAppln - DEBUG - tcp://10.0.0.2:5577
2023-02-14 01:29:35,043 - DiscoveryAppln - DEBUG - tcp://10.0.0.4:5577
2023-02-14 01:29:35,044 - DiscoveryAppln - DEBUG - tcp://10.0.0.3:5577
2023-02-14 01:29:35,044 - DiscoveryAppln - DEBUG - tcp://10.0.0.5:5577
2023-02-14 01:29:35,044 - DiscoveryAppln - DEBUG - DiscoveryMW::send_topic_publishers - done prepping message publishers
2023-02-14 01:29:35,044 - DiscoveryAppln - DEBUG - DiscoveryMW::send_topic_publishers - done populating nested LookupPubByTopicResp msg
2023-02-14 01:29:35,044 - DiscoveryAppln - DEBUG - DiscoveryMW::send_topic_publishers - build the outer DiscoveryResp message
2023-02-14 01:29:35,044 - DiscoveryAppln - DEBUG - DiscoveryMW::send_topic_publishers - done building the outer message
2023-02-14 01:29:35,044 - DiscoveryAppln - INFO - DiscoveryMW::handle_reply
2023-02-14 01:29:35,044 - DiscoveryAppln - INFO - DiscoveryAppln::lookup_by_topic_request
2023-02-14 01:29:35,045 - DiscoveryAppln - INFO - DiscoveryMW::send_topic_publishers
2023-02-14 01:29:35,045 - DiscoveryAppln - DEBUG - DiscoveryMW::send_topic_publishers - populate the nested LookupPubByTopicResp msg
2023-02-14 01:29:35,045 - DiscoveryAppln - DEBUG - tcp://10.0.0.2:5577
2023-02-14 01:29:35,045 - DiscoveryAppln - DEBUG - tcp://10.0.0.4:5577
2023-02-14 01:29:35,045 - DiscoveryAppln - DEBUG - tcp://10.0.0.3:5577
2023-02-14 01:29:35,045 - DiscoveryAppln - DEBUG - tcp://10.0.0.5:5577
2023-02-14 01:29:35,045 - DiscoveryAppln - DEBUG - DiscoveryMW::send_topic_publishers - done prepping message publishers
2023-02-14 01:29:35,045 - DiscoveryAppln - DEBUG - DiscoveryMW::send_topic_publishers - done populating nested LookupPubByTopicResp msg
2023-02-14 01:29:35,045 - DiscoveryAppln - DEBUG - DiscoveryMW::send_topic_publishers - build the outer DiscoveryResp message
2023-02-14 01:29:35,045 - DiscoveryAppln - DEBUG - DiscoveryMW::send_topic_publishers - done building the outer message
2023-02-14 01:29:35,046 - DiscoveryAppln - INFO - DiscoveryMW::handle_reply
2023-02-14 01:29:35,047 - DiscoveryAppln - INFO - DiscoveryAppln::lookup_by_topic_request
2023-02-14 01:29:35,047 - DiscoveryAppln - INFO - DiscoveryMW::send_topic_publishers
2023-02-14 01:29:35,047 - DiscoveryAppln - DEBUG - DiscoveryMW::send_topic_publishers - populate the nested LookupPubByTopicResp msg
2023-02-14 01:29:35,047 - DiscoveryAppln - DEBUG - tcp://10.0.0.2:5577
2023-02-14 01:29:35,047 - DiscoveryAppln - DEBUG - tcp://10.0.0.4:5577
2023-02-14 01:29:35,047 - DiscoveryAppln - DEBUG - tcp://10.0.0.3:5577
2023-02-14 01:29:35,047 - DiscoveryAppln - DEBUG - tcp://10.0.0.5:5577
2023-02-14 01:29:35,047 - DiscoveryAppln - DEBUG - DiscoveryMW::send_topic_publishers - done prepping message publishers
2023-02-14 01:29:35,047 - DiscoveryAppln - DEBUG - DiscoveryMW::send_topic_publishers - done populating nested LookupPubByTopicResp msg
2023-02-14 01:29:35,047 - DiscoveryAppln - DEBUG - DiscoveryMW::send_topic_publishers - build the outer DiscoveryResp message
2023-02-14 01:29:35,047 - DiscoveryAppln - DEBUG - DiscoveryMW::send_topic_publishers - done building the outer message
